Component: ARM Compiler 5.06 update 7 (build 960) Tool: armlink [4d3601]

==============================================================================

Section Cross References

    startup_stm32f103xb.o(RESET) refers to startup_stm32f103xb.o(STACK) for __initial_sp
    startup_stm32f103xb.o(RESET) refers to startup_stm32f103xb.o(.text) for Reset_Handler
    startup_stm32f103xb.o(RESET) refers to stm32f1xx_it.o(i.NMI_Handler) for NMI_Handler
    startup_stm32f103xb.o(RESET) refers to stm32f1xx_it.o(i.HardFault_Handler) for HardFault_Handler
    startup_stm32f103xb.o(RESET) refers to stm32f1xx_it.o(i.MemManage_Handler) for MemManage_Handler
    startup_stm32f103xb.o(RESET) refers to stm32f1xx_it.o(i.BusFault_Handler) for BusFault_Handler
    startup_stm32f103xb.o(RESET) refers to stm32f1xx_it.o(i.UsageFault_Handler) for UsageFault_Handler
    startup_stm32f103xb.o(RESET) refers to port.o(.emb_text) for SVC_Handler
    startup_stm32f103xb.o(RESET) refers to stm32f1xx_it.o(i.DebugMon_Handler) for DebugMon_Handler
    startup_stm32f103xb.o(RESET) refers to port.o(i.SysTick_Handler) for SysTick_Handler
    startup_stm32f103xb.o(RESET) refers to stm32f1xx_it.o(i.TIM4_IRQHandler) for TIM4_IRQHandler
    startup_stm32f103xb.o(RESET) refers to stm32f1xx_it.o(i.USART1_IRQHandler) for USART1_IRQHandler
    startup_stm32f103xb.o(RESET) refers to stm32f1xx_it.o(i.USART2_IRQHandler) for USART2_IRQHandler
    startup_stm32f103xb.o(.text) refers to system_stm32f1xx.o(i.SystemInit) for SystemInit
    startup_stm32f103xb.o(.text) refers to entry.o(.ARM.Collect$$$$00000000) for __main
    uart_printf.o(i.fputc) refers to stm32f1xx_hal_uart.o(i.HAL_UART_Transmit) for HAL_UART_Transmit
    uart_printf.o(i.fputc) refers to main.o(.bss) for huart1
    esp8266_at.o(i.HAL_UARTEx_RxEventCallback) refers to cmsis_os2.o(i.osSemaphoreRelease) for osSemaphoreRelease
    esp8266_at.o(i.HAL_UARTEx_RxEventCallback) refers to stm32f1xx_hal_uart.o(i.HAL_UARTEx_ReceiveToIdle_IT) for HAL_UARTEx_ReceiveToIdle_IT
    esp8266_at.o(i.HAL_UARTEx_RxEventCallback) refers to esp8266_at.o(.data) for .data
    esp8266_at.o(i.HAL_UARTEx_RxEventCallback) refers to esp8266_at.o(.bss) for .bss
    esp8266_at.o(i.esp8266_at_config) refers to strlen.o(.text) for strlen
    esp8266_at.o(i.esp8266_at_config) refers to stm32f1xx_hal_uart.o(i.HAL_UART_Transmit) for HAL_UART_Transmit
    esp8266_at.o(i.esp8266_at_config) refers to esp8266_at.o(i.wait_to_ok) for wait_to_ok
    esp8266_at.o(i.esp8266_at_config) refers to esp8266_at.o(.conststring) for .conststring
    esp8266_at.o(i.esp8266_at_config) refers to main.o(.bss) for huart2
    esp8266_at.o(i.esp8266_at_init) refers to esp8266_at.o(.data) for .data
    esp8266_at.o(i.esp8266_at_init) refers to esp8266_at.o(i.esp8266_at_config) for esp8266_at_config
    esp8266_at.o(i.recv_task) refers to cmsis_os2.o(i.osSemaphoreAcquire) for osSemaphoreAcquire
    esp8266_at.o(i.recv_task) refers to printfa.o(i.__0printf) for __2printf
    esp8266_at.o(i.recv_task) refers to esp8266_at.o(i.rx_data_proc) for rx_data_proc
    esp8266_at.o(i.recv_task) refers to esp8266_at.o(.data) for .data
    esp8266_at.o(i.recv_task) refers to esp8266_at.o(.bss) for .bss
    esp8266_at.o(i.rx_data_proc) refers to _scanf_int.o(.text) for _scanf_int
    esp8266_at.o(i.rx_data_proc) refers to strstr.o(.text) for strstr
    esp8266_at.o(i.rx_data_proc) refers to printfa.o(i.__0printf) for __2printf
    esp8266_at.o(i.rx_data_proc) refers to __0sscanf.o(.text) for __0sscanf
    esp8266_at.o(i.rx_data_proc) refers to esp8266_at.o(.bss) for .bss
    esp8266_at.o(i.rx_data_proc) refers to esp8266_at.o(.data) for .data
    esp8266_at.o(i.usr_task) refers to cmsis_os2.o(i.osSemaphoreAcquire) for osSemaphoreAcquire
    esp8266_at.o(i.usr_task) refers to stm32f1xx_hal_uart.o(i.HAL_UART_Transmit) for HAL_UART_Transmit
    esp8266_at.o(i.usr_task) refers to esp8266_at.o(.data) for .data
    esp8266_at.o(i.usr_task) refers to esp8266_at.o(.bss) for .bss
    esp8266_at.o(i.usr_task) refers to main.o(.bss) for huart2
    esp8266_at.o(i.wait_to_ok) refers to cmsis_os2.o(i.osDelay) for osDelay
    esp8266_at.o(i.wait_to_ok) refers to esp8266_at.o(.data) for .data
    sensor.o(i.AHT20_Get_Temp_Humidity) refers to sensor.o(i.AHT20_Start_Measure) for AHT20_Start_Measure
    sensor.o(i.AHT20_Get_Temp_Humidity) refers to stm32f1xx_hal.o(i.HAL_Delay) for HAL_Delay
    sensor.o(i.AHT20_Get_Temp_Humidity) refers to sensor.o(i.AHT20_Read_Data) for AHT20_Read_Data
    sensor.o(i.AHT20_Get_Temp_Humidity) refers to ffltui.o(.text) for __aeabi_ui2f
    sensor.o(i.AHT20_Get_Temp_Humidity) refers to fmul.o(.text) for __aeabi_fmul
    sensor.o(i.AHT20_Get_Temp_Humidity) refers to fscalb.o(.text) for __ARM_scalbnf
    sensor.o(i.AHT20_Get_Temp_Humidity) refers to fadd.o(.text) for __aeabi_fsub
    sensor.o(i.AHT20_Init) refers to stm32f1xx_hal_i2c.o(i.HAL_I2C_Master_Transmit) for HAL_I2C_Master_Transmit
[...]
    init.s                                   0x00000000   Number         0  init.o ABSOLUTE
    startup_stm32f103xb.s                    0x00000000   Number         0  startup_stm32f103xb.o ABSOLUTE
    RESET                                    0x08000000   Section      236  startup_stm32f103xb.o(RESET)
    .ARM.Collect$$$$00000000                 0x080000ec   Section        0  entry.o(.ARM.Collect$$$$00000000)
    .ARM.Collect$$$$00000001                 0x080000ec   Section        4  entry2.o(.ARM.Collect$$$$00000001)
    .ARM.Collect$$$$00000004                 0x080000f0   Section        4  entry5.o(.ARM.Collect$$$$00000004)
    .ARM.Collect$$$$00000008                 0x080000f4   Section        0  entry7b.o(.ARM.Collect$$$$00000008)
    .ARM.Collect$$$$0000000A                 0x080000f4   Section        0  entry8b.o(.ARM.Collect$$$$0000000A)
    .ARM.Collect$$$$0000000B                 0x080000f4   Section        8  entry9a.o(.ARM.Collect$$$$0000000B)
    .ARM.Collect$$$$0000000E                 0x080000fc   Section        4  entry12b.o(.ARM.Collect$$$$0000000E)
    .ARM.Collect$$$$0000000F                 0x08000100   Section        0  entry10a.o(.ARM.Collect$$$$0000000F)
    .ARM.Collect$$$$00000011                 0x08000100   Section        0  entry11a.o(.ARM.Collect$$$$00000011)
    .ARM.Collect$$$$00002712                 0x08000100   Section        4  entry2.o(.ARM.Collect$$$$00002712)
    __lit__00000000                          0x08000100   Data           4  entry2.o(.ARM.Collect$$$$00002712)
    .emb_text                                0x08000104   Section      150  port.o(.emb_text)
    .text                                    0x0800019c   Section       36  startup_stm32f103xb.o(.text)
    .text                                    0x080001c0   Section        0  llushr.o(.text)
    .text                                    0x080001e0   Section        0  memcpya.o(.text)
    .text                                    0x08000204   Section        0  memseta.o(.text)
    .text                                    0x08000228   Section        0  fadd.o(.text)
    .text                                    0x080002d8   Section        0  fmul.o(.text)
    .text                                    0x0800033c   Section        0  fscalb.o(.text)
    .text                                    0x08000354   Section        0  ffltui.o(.text)
    .text                                    0x0800035e   Section        0  f2d.o(.text)
    .text                                    0x08000384   Section        0  uidiv.o(.text)
    .text                                    0x080003b0   Section        0  uldiv.o(.text)
    .text                                    0x08000412   Section        0  fepilogue.o(.text)
    .text                                    0x08000412   Section        0  iusefp.o(.text)
    .text                                    0x08000480   Section        0  dadd.o(.text)
    .text                                    0x080005ce   Section        0  dmul.o(.text)
    .text                                    0x080006b2   Section        0  ddiv.o(.text)
    .text                                    0x08000790   Section        0  dfixul.o(.text)
    .text                                    0x080007c0   Section       48  cdrcmple.o(.text)
    .text                                    0x080007f0   Section       36  init.o(.text)
    .text                                    0x08000814   Section        0  llshl.o(.text)
    .text                                    0x08000832   Section        0  llsshr.o(.text)
    .text                                    0x08000856   Section        0  depilogue.o(.text)
    i.AHT20_Get_Temp_Humidity                0x08000910   Section        0  sensor.o(i.AHT20_Get_Temp_Humidity)
    i.AHT20_Init                             0x080009a0   Section        0  sensor.o(i.AHT20_Init)
    i.AHT20_Read_Data                        0x080009c0   Section        0  sensor.o(i.AHT20_Read_Data)
    i.AHT20_Start_Measure                    0x080009d4   Section        0  sensor.o(i.AHT20_Start_Measure)
    i.BusFault_Handler                       0x080009f4   Section        0  stm32f1xx_it.o(i.BusFault_Handler)
    i.DebugMon_Handler                       0x080009f6   Section        0  stm32f1xx_it.o(i.DebugMon_Handler)
    i.HAL_DMA_Abort                          0x080009f8   Section        0  stm32f1xx_hal_dma.o(i.HAL_DMA_Abort)
    i.HAL_DMA_Abort_IT                       0x08000a40   Section        0  stm32f1xx_hal_dma.o(i.HAL_DMA_Abort_IT)
    i.HAL_Delay                              0x08000ad8   Section        0  stm32f1xx_hal.o(i.HAL_Delay)
    i.HAL_GPIO_Init                          0x08000afc   Section        0  stm32f1xx_hal_gpio.o(i.HAL_GPIO_Init)
    i.HAL_GPIO_TogglePin                     0x08000cdc   Section        0  stm32f1xx_hal_gpio.o(i.HAL_GPIO_TogglePin)
    i.HAL_GPIO_WritePin                      0x08000cec   Section        0  stm32f1xx_hal_gpio.o(i.HAL_GPIO_WritePin)
    i.HAL_GetTick                            0x08000cf8   Section        0  stm32f1xx_hal.o(i.HAL_GetTick)
    i.HAL_I2C_Init                           0x08000d04   Section        0  stm32f1xx_hal_i2c.o(i.HAL_I2C_Init)
    i.HAL_I2C_Master_Receive                 0x08000e8c   Section        0  stm32f1xx_hal_i2c.o(i.HAL_I2C_Master_Receive)
    i.HAL_I2C_Master_Transmit                0x080010d0   Section        0  stm32f1xx_hal_i2c.o(i.HAL_I2C_Master_Transmit)
    i.HAL_I2C_MspInit                        0x080011fc   Section        0  stm32f1xx_hal_msp.o(i.HAL_I2C_MspInit)
    i.HAL_IncTick                            0x0800125c   Section        0  stm32f1xx_hal.o(i.HAL_IncTick)
    i.HAL_Init                               0x0800126c   Section        0  stm32f1xx_hal.o(i.HAL_Init)
    i.HAL_InitTick                           0x08001290   Section        0  stm32f1xx_hal_timebase_tim.o(i.HAL_InitTick)
    i.HAL_MspInit                            0x08001328   Section        0  stm32f1xx_hal_msp.o(i.HAL_MspInit)
    i.HAL_NVIC_EnableIRQ                     0x08001370   Section        0  stm32f1xx_hal_cortex.o(i.HAL_NVIC_EnableIRQ)
    i.HAL_NVIC_SetPriority                   0x0800138c   Section        0  stm32f1xx_hal_cortex.o(i.HAL_NVIC_SetPriority)
    i.HAL_NVIC_SetPriorityGrouping           0x080013cc   Section        0  stm32f1xx_hal_cortex.o(i.HAL_NVIC_SetPriorityGrouping)
    i.HAL_RCC_ClockConfig                    0x080013f0   Section        0  stm32f1xx_hal_rcc.o(i.HAL_RCC_ClockConfig)
    i.HAL_RCC_GetClockConfig                 0x0800151c   Section        0  stm32f1xx_hal_rcc.o(i.HAL_RCC_GetClockConfig)
    i.HAL_RCC_GetPCLK1Freq                   0x0800155c   Section        0  stm32f1xx_hal_rcc.o(i.HAL_RCC_GetPCLK1Freq)
    i.HAL_RCC_GetPCLK2Freq                   0x0800157c   Section        0  stm32f1xx_hal_rcc.o(i.HAL_RCC_GetPCLK2Freq)
    i.HAL_RCC_GetSysClockFreq                0x0800159c   Section        0  stm32f1xx_hal_rcc.o(i.HAL_RCC_GetSysClockFreq)
    i.HAL_RCC_OscConfig                      0x08001608   Section        0  stm32f1xx_hal_rcc.o(i.HAL_RCC_OscConfig)
    i.HAL_TIMEx_BreakCallback                0x08001928   Section        0  stm32f1xx_hal_tim_ex.o(i.HAL_TIMEx_BreakCallback)
    i.HAL_TIMEx_CommutCallback               0x0800192a   Section        0  stm32f1xx_hal_tim_ex.o(i.HAL_TIMEx_CommutCallback)
    i.HAL_TIM_Base_Init                      0x0800192c   Section        0  stm32f1xx_hal_tim.o(i.HAL_TIM_Base_Init)
    i.HAL_TIM_Base_MspInit                   0x08001986   Section        0  stm32f1xx_hal_tim.o(i.HAL_TIM_Base_MspInit)
    i.HAL_TIM_Base_Start_IT                  0x08001988   Section        0  stm32f1xx_hal_tim.o(i.HAL_TIM_Base_Start_IT)
    i.HAL_TIM_IC_CaptureCallback             0x080019e0   Section        0  stm32f1xx_hal_tim.o(i.HAL_TIM_IC_CaptureCallback)
    i.HAL_TIM_IRQHandler                     0x080019e2   Section        0  stm32f1xx_hal_tim.o(i.HAL_TIM_IRQHandler)
    i.HAL_TIM_OC_DelayElapsedCallback        0x08001b48   Section        0  stm32f1xx_hal_tim.o(i.HAL_TIM_OC_DelayElapsedCallback)
    i.HAL_TIM_PWM_PulseFinishedCallback      0x08001b4a   Section        0  stm32f1xx_hal_tim.o(i.HAL_TIM_PWM_PulseFinishedCallback)
    i.HAL_TIM_PeriodElapsedCallback          0x08001b4c   Section        0  main.o(i.HAL_TIM_PeriodElapsedCallback)
    i.HAL_TIM_TriggerCallback                0x08001b60   Section        0  stm32f1xx_hal_tim.o(i.HAL_TIM_TriggerCallback)
    i.HAL_UARTEx_ReceiveToIdle_IT            0x08001b62   Section        0  stm32f1xx_hal_uart.o(i.HAL_UARTEx_ReceiveToIdle_IT)
    i.HAL_UARTEx_RxEventCallback             0x08001bac   Section        0  esp8266_at.o(i.HAL_UARTEx_RxEventCallback)
    i.HAL_UART_ErrorCallback                 0x08001c00   Section        0  stm32f1xx_hal_uart.o(i.HAL_UART_ErrorCallback)
    i.HAL_UART_IRQHandler                    0x08001c04   Section        0  stm32f1xx_hal_uart.o(i.HAL_UART_IRQHandler)
    i.HAL_UART_Init                          0x08001e10   Section        0  stm32f1xx_hal_uart.o(i.HAL_UART_Init)
    i.HAL_UART_MspInit                       0x08001e74   Section        0  stm32f1xx_hal_msp.o(i.HAL_UART_MspInit)
    i.HAL_UART_RxCpltCallback                0x08001f4c   Section        0  stm32f1xx_hal_uart.o(i.HAL_UART_RxCpltCallback)
    i.HAL_UART_Transmit                      0x08001f50   Section        0  stm32f1xx_hal_uart.o(i.HAL_UART_Transmit)
    i.HAL_UART_TxCpltCallback                0x08002002   Section        0  stm32f1xx_hal_uart.o(i.HAL_UART_TxCpltCallback)
    i.HardFault_Handler                      0x08002004   Section        0  stm32f1xx_it.o(i.HardFault_Handler)
    i.I2C_IsAcknowledgeFailed                0x08002006   Section        0  stm32f1xx_hal_i2c.o(i.I2C_IsAcknowledgeFailed)
    I2C_IsAcknowledgeFailed                  0x08002007   Thumb Code    46  stm32f1xx_hal_i2c.o(i.I2C_IsAcknowledgeFailed)
    i.I2C_MasterRequestRead                  0x08002034   Section        0  stm32f1xx_hal_i2c.o(i.I2C_MasterRequestRead)
    I2C_MasterRequestRead                    0x08002035   Thumb Code   230  stm32f1xx_hal_i2c.o(i.I2C_MasterRequestRead)
    i.I2C_MasterRequestWrite                 0x08002120   Section        0  stm32f1xx_hal_i2c.o(i.I2C_MasterRequestWrite)
    I2C_MasterRequestWrite                   0x08002121   Thumb Code   150  stm32f1xx_hal_i2c.o(i.I2C_MasterRequestWrite)
    i.I2C_WaitOnBTFFlagUntilTimeout          0x080021bc   Section        0  stm32f1xx_hal_i2c.o(i.I2C_WaitOnBTFFlagUntilTimeout)
    I2C_WaitOnBTFFlagUntilTimeout            0x080021bd   Thumb Code    76  stm32f1xx_hal_i2c.o(i.I2C_WaitOnBTFFlagUntilTimeout)
    i.I2C_WaitOnFlagUntilTimeout             0x08002208   Section        0  stm32f1xx_hal_i2c.o(i.I2C_WaitOnFlagUntilTimeout)
    I2C_WaitOnFlagUntilTimeout               0x08002209   Thumb Code   104  stm32f1xx_hal_i2c.o(i.I2C_WaitOnFlagUntilTimeout)
    i.I2C_WaitOnMasterAddressFlagUntilTimeout 0x08002270   Section        0  stm32f1xx_hal_i2c.o(i.I2C_WaitOnMasterAddressFlagUntilTimeout)
    I2C_WaitOnMasterAddressFlagUntilTimeout  0x08002271   Thumb Code   150  stm32f1xx_hal_i2c.o(i.I2C_WaitOnMasterAddressFlagUntilTimeout)
    i.I2C_WaitOnRXNEFlagUntilTimeout         0x08002306   Section        0  stm32f1xx_hal_i2c.o(i.I2C_WaitOnRXNEFlagUntilTimeout)
    I2C_WaitOnRXNEFlagUntilTimeout           0x08002307   Thumb Code   102  stm32f1xx_hal_i2c.o(i.I2C_WaitOnRXNEFlagUntilTimeout)
    i.I2C_WaitOnTXEFlagUntilTimeout          0x0800236c   Section        0  stm32f1xx_hal_i2c.o(i.I2C_WaitOnTXEFlagUntilTimeout)
    I2C_WaitOnTXEFlagUntilTimeout            0x0800236d   Thumb Code    76  stm32f1xx_hal_i2c.o(i.I2C_WaitOnTXEFlagUntilTimeout)
    i.MX_GPIO_Init                           0x080023b8   Section        0  main.o(i.MX_GPIO_Init)
    MX_GPIO_Init                             0x080023b9   Thumb Code   192  main.o(i.MX_GPIO_Init)
    i.MemManage_Handler                      0x08002488   Section        0  stm32f1xx_it.o(i.MemManage_Handler)
    i.NMI_Handler                            0x0800248a   Section        0  stm32f1xx_it.o(i.NMI_Handler)
    i.StartDefaultTask                       0x0800248c   Section        0  main.o(i.StartDefaultTask)
    i.SysTick_Handler                        0x08002518   Section        0  port.o(i.SysTick_Handler)
    i.SystemClock_Config                     0x08002544   Section        0  main.o(i.SystemClock_Config)
    i.SystemInit                             0x080025a2   Section        0  system_stm32f1xx.o(i.SystemInit)
    i.TIM4_IRQHandler                        0x080025a4   Section        0  stm32f1xx_it.o(i.TIM4_IRQHandler)
    i.TIM_Base_SetConfig                     0x080025b0   Section        0  stm32f1xx_hal_tim.o(i.TIM_Base_SetConfig)
    i.UART_DMAAbortOnError                   0x0800261c   Section        0  stm32f1xx_hal_uart.o(i.UART_DMAAbortOnError)
    UART_DMAAbortOnError                     0x0800261d   Thumb Code    16  stm32f1xx_hal_uart.o(i.UART_DMAAbortOnError)
    i.UART_EndRxTransfer                     0x0800262c   Section        0  stm32f1xx_hal_uart.o(i.UART_EndRxTransfer)
    UART_EndRxTransfer                       0x0800262d   Thumb Code    48  stm32f1xx_hal_uart.o(i.UART_EndRxTransfer)
    i.UART_Receive_IT                        0x0800265c   Section        0  stm32f1xx_hal_uart.o(i.UART_Receive_IT)
    UART_Receive_IT                          0x0800265d   Thumb Code   182  stm32f1xx_hal_uart.o(i.UART_Receive_IT)
    i.UART_SetConfig                         0x08002714   Section        0  stm32f1xx_hal_uart.o(i.UART_SetConfig)
    UART_SetConfig                           0x08002715   Thumb Code   178  stm32f1xx_hal_uart.o(i.UART_SetConfig)
    i.UART_Start_Receive_IT                  0x080027cc   Section        0  stm32f1xx_hal_uart.o(i.UART_Start_Receive_IT)
    i.UART_WaitOnFlagUntilTimeout            0x08002802   Section        0  stm32f1xx_hal_uart.o(i.UART_WaitOnFlagUntilTimeout)
    UART_WaitOnFlagUntilTimeout              0x08002803   Thumb Code   100  stm32f1xx_hal_uart.o(i.UART_WaitOnFlagUntilTimeout)
    i.USART1_IRQHandler                      0x08002868   Section        0  stm32f1xx_it.o(i.USART1_IRQHandler)
    i.USART2_IRQHandler                      0x08002874   Section        0  stm32f1xx_it.o(i.USART2_IRQHandler)
    i.UsageFault_Handler                     0x08002880   Section        0  stm32f1xx_it.o(i.UsageFault_Handler)
    i.__0printf                              0x08002884   Section        0  printfa.o(i.__0printf)
    i.__NVIC_SetPriority                     0x080028a4   Section        0  stm32f1xx_hal_cortex.o(i.__NVIC_SetPriority)
    __NVIC_SetPriority                       0x080028a5   Thumb Code    32  stm32f1xx_hal_cortex.o(i.__NVIC_SetPriority)
    i.__scatterload_copy                     0x080028c4   Section       14  handlers.o(i.__scatterload_copy)
    i.__scatterload_null                     0x080028d2   Section        2  handlers.o(i.__scatterload_null)
    i.__scatterload_zeroinit                 0x080028d4   Section       14  handlers.o(i.__scatterload_zeroinit)
    i._fp_digits                             0x080028e4   Section        0  printfa.o(i._fp_digits)
    _fp_digits                               0x080028e5   Thumb Code   366  printfa.o(i._fp_digits)
    i._printf_core                           0x08002a68   Section        0  printfa.o(i._printf_core)
    _printf_core                             0x08002a69   Thumb Code  1704  printfa.o(i._printf_core)
    i._printf_post_padding                   0x0800311c   Section        0  printfa.o(i._printf_post_padding)
    _printf_post_padding                     0x0800311d   Thumb Code    36  printfa.o(i._printf_post_padding)
    i._printf_pre_padding                    0x08003140   Section        0  printfa.o(i._printf_pre_padding)
    _printf_pre_padding                      0x08003141   Thumb Code    46  printfa.o(i._printf_pre_padding)
    i.fputc                                  0x08003170   Section        0  uart_printf.o(i.fputc)
    i.main                                   0x08003188   Section        0  main.o(i.main)
    i.osDelay                                0x0800323c   Section        0  cmsis_os2.o(i.osDelay)
    i.osKernelInitialize                     0x08003270   Section        0  cmsis_os2.o(i.osKernelInitialize)
    i.osKernelStart                          0x080032a8   Section        0  cmsis_os2.o(i.osKernelStart)
    i.osSemaphoreRelease                     0x080032e8   Section        0  cmsis_os2.o(i.osSemaphoreRelease)
    i.osThreadNew                            0x08003358   Section        0  cmsis_os2.o(i.osThreadNew)
    i.prvAddCurrentTaskToDelayedList         0x080033fc   Section        0  tasks.o(i.prvAddCurrentTaskToDelayedList)
    prvAddCurrentTaskToDelayedList           0x080033fd   Thumb Code    84  tasks.o(i.prvAddCurrentTaskToDelayedList)
    i.prvAddNewTaskToReadyList               0x08003458   Section        0  tasks.o(i.prvAddNewTaskToReadyList)
    prvAddNewTaskToReadyList                 0x08003459   Thumb Code   190  tasks.o(i.prvAddNewTaskToReadyList)
    i.prvCheckForValidListAndQueue           0x08003528   Section        0  timers.o(i.prvCheckForValidListAndQueue)
    prvCheckForValidListAndQueue             0x08003529   Thumb Code    72  timers.o(i.prvCheckForValidListAndQueue)
    i.prvCopyDataFromQueue                   0x08003580   Section        0  queue.o(i.prvCopyDataFromQueue)
    prvCopyDataFromQueue                     0x08003581   Thumb Code    38  queue.o(i.prvCopyDataFromQueue)
    i.prvCopyDataToQueue                     0x080035a6   Section        0  queue.o(i.prvCopyDataToQueue)
    prvCopyDataToQueue                       0x080035a7   Thumb Code   108  queue.o(i.prvCopyDataToQueue)
    i.prvDeleteTCB                           0x08003612   Section        0  tasks.o(i.prvDeleteTCB)
    prvDeleteTCB                             0x08003613   Thumb Code    52  tasks.o(i.prvDeleteTCB)
    i.prvHeapInit                            0x08003648   Section        0  heap_4.o(i.prvHeapInit)
    prvHeapInit                              0x08003649   Thumb Code    66  heap_4.o(i.prvHeapInit)
    i.prvIdleTask                            0x08003694   Section        0  tasks.o(i.prvIdleTask)
    prvIdleTask                              0x08003695   Thumb Code    86  tasks.o(i.prvIdleTask)
    i.prvInitialiseNewQueue                  0x080036f8   Section        0  queue.o(i.prvInitialiseNewQueue)
    prvInitialiseNewQueue                    0x080036f9   Thumb Code    34  queue.o(i.prvInitialiseNewQueue)
    i.prvInitialiseNewTask                   0x0800371a   Section        0  tasks.o(i.prvInitialiseNewTask)
    prvInitialiseNewTask                     0x0800371b   Thumb Code   156  tasks.o(i.prvInitialiseNewTask)
    i.prvInsertBlockIntoFreeList             0x080037b8   Section        0  heap_4.o(i.prvInsertBlockIntoFreeList)
    prvInsertBlockIntoFreeList               0x080037b9   Thumb Code    72  heap_4.o(i.prvInsertBlockIntoFreeList)
    i.prvInsertTimerInActiveList             0x08003804   Section        0  timers.o(i.prvInsertTimerInActiveList)
    prvInsertTimerInActiveList               0x08003805   Thumb Code    52  timers.o(i.prvInsertTimerInActiveList)
    i.prvIsQueueEmpty                        0x0800383c   Section        0  queue.o(i.prvIsQueueEmpty)
    prvIsQueueEmpty                          0x0800383d   Thumb Code    28  queue.o(i.prvIsQueueEmpty)
    i.prvProcessReceivedCommands             0x08003858   Section        0  timers.o(i.prvProcessReceivedCommands)
    prvProcessReceivedCommands               0x08003859   Thumb Code   198  timers.o(i.prvProcessReceivedCommands)
    i.prvProcessTimerOrBlockTask             0x08003924   Section        0  timers.o(i.prvProcessTimerOrBlockTask)
    prvProcessTimerOrBlockTask               0x08003925   Thumb Code   172  timers.o(i.prvProcessTimerOrBlockTask)
    i.prvResetNextTaskUnblockTime            0x080039d8   Section        0  tasks.o(i.prvResetNextTaskUnblockTime)
    prvResetNextTaskUnblockTime              0x080039d9   Thumb Code    26  tasks.o(i.prvResetNextTaskUnblockTime)
    i.prvSampleTimeNow                       0x080039f8   Section        0  timers.o(i.prvSampleTimeNow)
    prvSampleTimeNow                         0x080039f9   Thumb Code    36  timers.o(i.prvSampleTimeNow)
    i.prvSwitchTimerLists                    0x08003a20   Section        0  timers.o(i.prvSwitchTimerLists)
    prvSwitchTimerLists                      0x08003a21   Thumb Code   102  timers.o(i.prvSwitchTimerLists)
    i.prvTaskExitError                       0x08003a8c   Section        0  port.o(i.prvTaskExitError)
    prvTaskExitError                         0x08003a8d   Thumb Code    36  port.o(i.prvTaskExitError)
    i.prvTimerTask                           0x08003ab4   Section        0  timers.o(i.prvTimerTask)
    prvTimerTask                             0x08003ab5   Thumb Code    32  timers.o(i.prvTimerTask)
    i.prvUnlockQueue                         0x08003ad8   Section        0  queue.o(i.prvUnlockQueue)
    prvUnlockQueue                           0x08003ad9   Thumb Code   106  queue.o(i.prvUnlockQueue)
    i.pvPortMalloc                           0x08003b44   Section        0  heap_4.o(i.pvPortMalloc)
    i.pxPortInitialiseStack                  0x08003c1c   Section        0  port.o(i.pxPortInitialiseStack)
    i.uxListRemove                           0x08003c40   Section        0  list.o(i.uxListRemove)
    i.vApplicationGetIdleTaskMemory          0x08003c68   Section        0  cmsis_os2.o(i.vApplicationGetIdleTaskMemory)
    i.vApplicationGetTimerTaskMemory         0x08003c7c   Section        0  cmsis_os2.o(i.vApplicationGetTimerTaskMemory)
    i.vApplicationIdleHook                   0x08003c94   Section        0  freertos.o(i.vApplicationIdleHook)
    i.vApplicationTickHook                   0x08003c98   Section        0  freertos.o(i.vApplicationTickHook)
    i.vListInitialise                        0x08003cc4   Section        0  list.o(i.vListInitialise)
    i.vListInitialiseItem                    0x08003cda   Section        0  list.o(i.vListInitialiseItem)
    i.vListInsert                            0x08003ce0   Section        0  list.o(i.vListInsert)
    i.vListInsertEnd                         0x08003d10   Section        0  list.o(i.vListInsertEnd)
    i.vPortEnterCritical                     0x08003d28   Section        0  port.o(i.vPortEnterCritical)
    i.vPortExitCritical                      0x08003d68   Section        0  port.o(i.vPortExitCritical)
    i.vPortFree                              0x08003d90   Section        0  heap_4.o(i.vPortFree)
    i.vPortSetupTimerInterrupt               0x08003dec   Section        0  port.o(i.vPortSetupTimerInterrupt)
    i.vPortValidateInterruptPriority         0x08003e10   Section        0  port.o(i.vPortValidateInterruptPriority)
    i.vQueueAddToRegistry                    0x08003e64   Section        0  queue.o(i.vQueueAddToRegistry)
    i.vQueueWaitForMessageRestricted         0x08003e8c   Section        0  queue.o(i.vQueueWaitForMessageRestricted)
    i.vTaskDelay                             0x08003ed0   Section        0  tasks.o(i.vTaskDelay)
    i.vTaskInternalSetTimeOutState           0x08003f1c   Section        0  tasks.o(i.vTaskInternalSetTimeOutState)
    i.vTaskMissedYield                       0x08003f2c   Section        0  tasks.o(i.vTaskMissedYield)
    i.vTaskPlaceOnEventList                  0x08003f38   Section        0  tasks.o(i.vTaskPlaceOnEventList)
    i.vTaskPlaceOnEventListRestricted        0x08003f68   Section        0  tasks.o(i.vTaskPlaceOnEventListRestricted)
    i.vTaskStartScheduler                    0x08003fa0   Section        0  tasks.o(i.vTaskStartScheduler)
    i.vTaskSuspendAll                        0x08004028   Section        0  tasks.o(i.vTaskSuspendAll)
    i.vTaskSwitchContext                     0x08004038   Section        0  tasks.o(i.vTaskSwitchContext)
    i.xPortStartScheduler                    0x0800409c   Section        0  port.o(i.xPortStartScheduler)
    i.xQueueGenericCreateStatic              0x08004144   Section        0  queue.o(i.xQueueGenericCreateStatic)
    i.xQueueGenericReset                     0x080041ac   Section        0  queue.o(i.xQueueGenericReset)
    i.xQueueGenericSend                      0x08004234   Section        0  queue.o(i.xQueueGenericSend)
    i.xQueueGenericSendFromISR               0x08004394   Section        0  queue.o(i.xQueueGenericSendFromISR)
    i.xQueueGiveFromISR                      0x08004450   Section        0  queue.o(i.xQueueGiveFromISR)
    i.xQueueReceive                          0x080044ec   Section        0  queue.o(i.xQueueReceive)
    i.xTaskCheckForTimeOut                   0x08004624   Section        0  tasks.o(i.xTaskCheckForTimeOut)
    i.xTaskCreate                            0x08004698   Section        0  tasks.o(i.xTaskCreate)
    i.xTaskCreateStatic                      0x080046f2   Section        0  tasks.o(i.xTaskCreateStatic)
    i.xTaskGetSchedulerState                 0x08004748   Section        0  tasks.o(i.xTaskGetSchedulerState)
    i.xTaskGetTickCount                      0x08004764   Section        0  tasks.o(i.xTaskGetTickCount)
    i.xTaskIncrementTick                     0x08004770   Section        0  tasks.o(i.xTaskIncrementTick)
    i.xTaskPriorityDisinherit                0x08004840   Section        0  tasks.o(i.xTaskPriorityDisinherit)
    i.xTaskRemoveFromEventList               0x080048c0   Section        0  tasks.o(i.xTaskRemoveFromEventList)
    i.xTaskResumeAll                         0x08004930   Section        0  tasks.o(i.xTaskResumeAll)
    i.xTimerCreateTimerTask                  0x080049f4   Section        0  timers.o(i.xTimerCreateTimerTask)
    i.xTimerGenericCommand                   0x08004a54   Section        0  timers.o(i.xTimerGenericCommand)
    .constdata                               0x08004abc   Section       36  main.o(.constdata)
    .constdata                               0x08004ae0   Section       16  system_stm32f1xx.o(.constdata)
    .constdata                               0x08004af0   Section        8  system_stm32f1xx.o(.constdata)
    .conststring                             0x08004af8   Section       12  main.o(.conststring)
    .data                                    0x20000000   Section       20  esp8266_at.o(.data)
    .data                                    0x20000014   Section       12  main.o(.data)
    .data                                    0x20000020   Section        4  freertos.o(.data)
    count                                    0x20000020   Data           4  freertos.o(.data)
    .data                                    0x20000024   Section       12  stm32f1xx_hal.o(.data)
    .data                                    0x20000030   Section        4  system_stm32f1xx.o(.data)
    .data                                    0x20000034   Section       60  tasks.o(.data)
    pxDelayedTaskList                        0x20000038   Data           4  tasks.o(.data)
    pxOverflowDelayedTaskList                0x2000003c   Data           4  tasks.o(.data)
    uxDeletedTasksWaitingCleanUp             0x20000040   Data           4  tasks.o(.data)
    uxCurrentNumberOfTasks                   0x20000044   Data           4  tasks.o(.data)
    xTickCount                               0x20000048   Data           4  tasks.o(.data)
    uxTopReadyPriority                       0x2000004c   Data           4  tasks.o(.data)
    xSchedulerRunning                        0x20000050   Data           4  tasks.o(.data)
    uxPendedTicks                            0x20000054   Data           4  tasks.o(.data)
    xYieldPending                            0x20000058   Data           4  tasks.o(.data)
    xNumOfOverflows                          0x2000005c   Data           4  tasks.o(.data)
    uxTaskNumber                             0x20000060   Data           4  tasks.o(.data)
    xNextTaskUnblockTime                     0x20000064   Data           4  tasks.o(.data)
    xIdleTaskHandle                          0x20000068   Data           4  tasks.o(.data)
    uxSchedulerSuspended                     0x2000006c   Data           4  tasks.o(.data)
    .data                                    0x20000070   Section       20  timers.o(.data)
    pxCurrentTimerList                       0x20000070   Data           4  timers.o(.data)
    pxOverflowTimerList                      0x20000074   Data           4  timers.o(.data)
    xTimerQueue                              0x20000078   Data           4  timers.o(.data)
    xTimerTaskHandle                         0x2000007c   Data           4  timers.o(.data)
    xLastTime                                0x20000080   Data           4  timers.o(.data)
    .data                                    0x20000084   Section        4  cmsis_os2.o(.data)
    KernelState                              0x20000084   Data           4  cmsis_os2.o(.data)
    .data                                    0x20000088   Section       24  heap_4.o(.data)
    pxEnd                                    0x20000088   Data           4  heap_4.o(.data)
    xFreeBytesRemaining                      0x2000008c   Data           4  heap_4.o(.data)
    xMinimumEverFreeBytesRemaining           0x20000090   Data           4  heap_4.o(.data)
    xBlockAllocatedBit                       0x20000094   Data           4  heap_4.o(.data)
    xStart                                   0x20000098   Data           8  heap_4.o(.data)
    .data                                    0x200000a0   Section       12  port.o(.data)
    ucMaxSysCallPriority                     0x200000a0   Data           1  port.o(.data)
    uxCriticalNesting                        0x200000a4   Data           4  port.o(.data)
    ulMaxPRIGROUPValue                       0x200000a8   Data           4  port.o(.data)
    .data                                    0x200000ac   Section        4  stdout.o(.data)
    .bss                                     0x200000b0   Section      256  esp8266_at.o(.bss)
    .bss                                     0x200001b0   Section      220  main.o(.bss)
    .bss                                     0x2000028c   Section       72  stm32f1xx_hal_timebase_tim.o(.bss)
    .bss                                     0x200002d4   Section       64  queue.o(.bss)
    .bss                                     0x20000314   Section     1220  tasks.o(.bss)
    pxReadyTasksLists                        0x20000314   Data        1120  tasks.o(.bss)
    xDelayedTaskList1                        0x20000774   Data          20  tasks.o(.bss)
    xDelayedTaskList2                        0x20000788   Data          20  tasks.o(.bss)
    xPendingReadyList                        0x2000079c   Data          20  tasks.o(.bss)
    xTasksWaitingTermination                 0x200007b0   Data          20  tasks.o(.bss)
    xSuspendedTaskList                       0x200007c4   Data          20  tasks.o(.bss)
    .bss                                     0x200007d8   Section      280  timers.o(.bss)
    xActiveTimerList1                        0x200007d8   Data          20  timers.o(.bss)
    xActiveTimerList2                        0x200007ec   Data          20  timers.o(.bss)
    xStaticTimerQueue                        0x20000800   Data          80  timers.o(.bss)
    ucStaticTimerQueueStorage                0x20000850   Data         160  timers.o(.bss)
    .bss                                     0x200008f0   Section     1720  cmsis_os2.o(.bss)
    Idle_TCB                                 0x200008f0   Data          92  cmsis_os2.o(.bss)
    Idle_Stack                               0x2000094c   Data         512  cmsis_os2.o(.bss)
    Timer_TCB                                0x20000b4c   Data          92  cmsis_os2.o(.bss)
    Timer_Stack                              0x20000ba8   Data        1024  cmsis_os2.o(.bss)
    .bss                                     0x20000fa8   Section     3072  heap_4.o(.bss)
    ucHeap                                   0x20000fa8   Data        3072  heap_4.o(.bss)
    STACK                                    0x20001ba8   Section     1024  startup_stm32f103xb.o(STACK)

    Global Symbols

    Symbol Name                              Value     Ov Type        Size  Object(Section)

    BuildAttributes$$THM_ISAv4$P$D$K$B$S$PE$A:L22UL41UL21$X:L11$S22US41US21$IEEE1$IW$USESV6$~STKCKD$USESV7$~SHL$OTIME$ROPI$EBA8$MICROLIB$REQ8$PRES8$EABIv2 0x00000000   Number         0  anon$$obj.o ABSOLUTE
    __ARM_use_no_argv                        0x00000000   Number         0  main.o ABSOLUTE
    _printf_a                                0x00000000   Number         0  stubs.o ABSOLUTE
    _printf_c                                0x00000000   Number         0  stubs.o ABSOLUTE
    _printf_charcount                        0x00000000   Number         0  stubs.o ABSOLUTE
    _printf_d                                0x00000000   Number         0  stubs.o ABSOLUTE
    _printf_e                                0x00000000   Number         0  stubs.o ABSOLUTE
    _printf_f                                0x00000000   Number         0  stubs.o ABSOLUTE
    _printf_flags                            0x00000000   Number         0  stubs.o ABSOLUTE
    _printf_fp_dec                           0x00000000   Number         0  stubs.o ABSOLUTE
    _printf_fp_hex                           0x00000000   Number         0  stubs.o ABSOLUTE
    _printf_g                                0x00000000   Number         0  stubs.o ABSOLUTE
    _printf_i                                0x00000000   Number         0  stubs.o ABSOLUTE
    _printf_int_dec                          0x00000000   Number         0  stubs.o ABSOLUTE
    _printf_l                                0x00000000   Number         0  stubs.o ABSOLUTE
    _printf_lc                               0x00000000   Number         0  stubs.o ABSOLUTE
    _printf_ll                               0x00000000   Number         0  stubs.o ABSOLUTE
    _printf_lld                              0x00000000   Number         0  stubs.o ABSOLUTE
    _printf_lli                              0x00000000   Number         0  stubs.o ABSOLUTE
    _printf_llo                              0x00000000   Number         0  stubs.o ABSOLUTE
    _printf_llu                              0x00000000   Number         0  stubs.o ABSOLUTE
    _printf_llx                              0x00000000   Number         0  stubs.o ABSOLUTE
    _printf_longlong_dec                     0x00000000   Number         0  stubs.o ABSOLUTE
    _printf_longlong_hex                     0x00000000   Number         0  stubs.o ABSOLUTE
    _printf_longlong_oct                     0x00000000   Number         0  stubs.o ABSOLUTE
    _printf_ls                               0x00000000   Number         0  stubs.o ABSOLUTE
    _printf_mbtowc                           0x00000000   Number         0  stubs.o ABSOLUTE
    _printf_n                                0x00000000   Number         0  stubs.o ABSOLUTE
    _printf_o                                0x00000000   Number         0  stubs.o ABSOLUTE
    _printf_p                                0x00000000   Number         0  stubs.o ABSOLUTE
    _printf_percent                          0x00000000   Number         0  stubs.o ABSOLUTE
    _printf_pre_padding                      0x00000000   Number         0  stubs.o ABSOLUTE
    _printf_return_value                     0x00000000   Number         0  stubs.o ABSOLUTE
    _printf_s                                0x00000000   Number         0  stubs.o ABSOLUTE
    _printf_sizespec                         0x00000000   Number         0  stubs.o ABSOLUTE
    _printf_str                              0x00000000   Number         0  stubs.o ABSOLUTE
    _printf_truncate_signed                  0x00000000   Number         0  stubs.o ABSOLUTE
    _printf_truncate_unsigned                0x00000000   Number         0  stubs.o ABSOLUTE
    _printf_u                                0x00000000   Number         0  stubs.o ABSOLUTE
    _printf_wc                               0x00000000   Number         0  stubs.o ABSOLUTE
    _printf_wctomb                           0x00000000   Number         0  stubs.o ABSOLUTE
    _printf_widthprec                        0x00000000   Number         0  stubs.o ABSOLUTE
    _printf_x                                0x00000000   Number         0  stubs.o ABSOLUTE
    __arm_fini_                               - Undefined Weak Reference
    __cpp_initialize__aeabi_                  - Undefined Weak Reference
    __cxa_finalize                            - Undefined Weak Reference
    __decompress                              - Undefined Weak Reference
    _clock_init                               - Undefined Weak Reference
    _microlib_exit                            - Undefined Weak Reference
    _scanf_longlong                           - Undefined Weak Reference
    _scanf_real                               - Undefined Weak Reference
    _scanf_string                             - Undefined Weak Reference
    __Vectors_Size                           0x000000ec   Number         0  startup_stm32f103xb.o ABSOLUTE
    __Vectors                                0x08000000   Data           4  startup_stm32f103xb.o(RESET)
    __Vectors_End                            0x080000ec   Data           0  startup_stm32f103xb.o(RESET)
    __main                                   0x080000ed   Thumb Code     0  entry.o(.ARM.Collect$$$$00000000)
    _main_stk                                0x080000ed   Thumb Code     0  entry2.o(.ARM.Collect$$$$00000001)
    _main_scatterload                        0x080000f1   Thumb Code     0  entry5.o(.ARM.Collect$$$$00000004)
    __main_after_scatterload                 0x080000f5   Thumb Code     0  entry5.o(.ARM.Collect$$$$00000004)
    _main_clock                              0x080000f5   Thumb Code     0  entry7b.o(.ARM.Collect$$$$00000008)
    _main_cpp_init                           0x080000f5   Thumb Code     0  entry8b.o(.ARM.Collect$$$$0000000A)
    _main_init                               0x080000f5   Thumb Code     0  entry9a.o(.ARM.Collect$$$$0000000B)
    __rt_lib_shutdown_fini                   0x080000fd   Thumb Code     0  entry12b.o(.ARM.Collect$$$$0000000E)
    __rt_final_cpp                           0x08000101   Thumb Code     0  entry10a.o(.ARM.Collect$$$$0000000F)
    __rt_final_exit                          0x08000101   Thumb Code     0  entry11a.o(.ARM.Collect$$$$00000011)
    SVC_Handler                              0x08000105   Thumb Code    32  port.o(.emb_text)
    __asm___6_port_c_39a90d8d__prvStartFirstTask 0x08000129   Thumb Code    28  port.o(.emb_text)
    PendSV_Handler                           0x08000149   Thumb Code    72  port.o(.emb_text)
    vPortGetIPSR                             0x08000195   Thumb Code     6  port.o(.emb_text)
    Reset_Handler                            0x0800019d   Thumb Code     8  startup_stm32f103xb.o(.text)
    ADC1_2_IRQHandler                        0x080001b7   Thumb Code     0  startup_stm32f103xb.o(.text)
    CAN1_RX1_IRQHandler                      0x080001b7   Thumb Code     0  startup_stm32f103xb.o(.text)
    CAN1_SCE_IRQHandler                      0x080001b7   Thumb Code     0  startup_stm32f103xb.o(.text)
    DMA1_Channel1_IRQHandler                 0x080001b7   Thumb Code     0  startup_stm32f103xb.o(.text)
    DMA1_Channel2_IRQHandler                 0x080001b7   Thumb Code     0  startup_stm32f103xb.o(.text)
    DMA1_Channel3_IRQHandler                 0x080001b7   Thumb Code     0  startup_stm32f103xb.o(.text)
    DMA1_Channel4_IRQHandler                 0x080001b7   Thumb Code     0  startup_stm32f103xb.o(.text)
    DMA1_Channel5_IRQHandler                 0x080001b7   Thumb Code     0  startup_stm32f103xb.o(.text)
    DMA1_Channel6_IRQHandler                 0x080001b7   Thumb Code     0  startup_stm32f103xb.o(.text)
    DMA1_Channel7_IRQHandler                 0x080001b7   Thumb Code     0  startup_stm32f103xb.o(.text)
    EXTI0_IRQHandler                         0x080001b7   Thumb Code     0  startup_stm32f103xb.o(.text)
    EXTI15_10_IRQHandler                     0x080001b7   Thumb Code     0  startup_stm32f103xb.o(.text)
    EXTI1_IRQHandler                         0x080001b7   Thumb Code     0  startup_stm32f103xb.o(.text)
    EXTI2_IRQHandler                         0x080001b7   Thumb Code     0  startup_stm32f103xb.o(.text)
    EXTI3_IRQHandler                         0x080001b7   Thumb Code     0  startup_stm32f103xb.o(.text)
    EXTI4_IRQHandler                         0x080001b7   Thumb Code     0  startup_stm32f103xb.o(.text)
    EXTI9_5_IRQHandler                       0x080001b7   Thumb Code     0  startup_stm32f103xb.o(.text)
    FLASH_IRQHandler                         0x080001b7   Thumb Code     0  startup_stm32f103xb.o(.text)
    I2C1_ER_IRQHandler                       0x080001b7   Thumb Code     0  startup_stm32f103xb.o(.text)
    I2C1_EV_IRQHandler                       0x080001b7   Thumb Code     0  startup_stm32f103xb.o(.text)
    I2C2_ER_IRQHandler                       0x080001b7   Thumb Code     0  startup_stm32f103xb.o(.text)
    I2C2_EV_IRQHandler                       0x080001b7   Thumb Code     0  startup_stm32f103xb.o(.text)
    PVD_IRQHandler                           0x080001b7   Thumb Code     0  startup_stm32f103xb.o(.text)
    RCC_IRQHandler                           0x080001b7   Thumb Code     0  startup_stm32f103xb.o(.text)
    RTC_Alarm_IRQHandler                     0x080001b7   Thumb Code     0  startup_stm32f103xb.o(.text)
    RTC_IRQHandler                           0x080001b7   Thumb Code     0  startup_stm32f103xb.o(.text)
    SPI1_IRQHandler                          0x080001b7   Thumb Code     0  startup_stm32f103xb.o(.text)
    SPI2_IRQHandler                          0x080001b7   Thumb Code     0  startup_stm32f103xb.o(.text)
    TAMPER_IRQHandler                        0x080001b7   Thumb Code     0  startup_stm32f103xb.o(.text)
    TIM1_BRK_IRQHandler                      0x080001b7   Thumb Code     0  startup_stm32f103xb.o(.text)
    TIM1_CC_IRQHandler                       0x080001b7   Thumb Code     0  startup_stm32f103xb.o(.text)
    TIM1_TRG_COM_IRQHandler                  0x080001b7   Thumb Code     0  startup_stm32f103xb.o(.text)
    TIM1_UP_IRQHandler                       0x080001b7   Thumb Code     0  startup_stm32f103xb.o(.text)
    TIM2_IRQHandler                          0x080001b7   Thumb Code     0  startup_stm32f103xb.o(.text)
    TIM3_IRQHandler                          0x080001b7   Thumb Code     0  startup_stm32f103xb.o(.text)
    USART3_IRQHandler                        0x080001b7   Thumb Code     0  startup_stm32f103xb.o(.text)
    USBWakeUp_IRQHandler                     0x080001b7   Thumb Code     0  startup_stm32f103xb.o(.text)
    USB_HP_CAN1_TX_IRQHandler                0x080001b7   Thumb Code     0  startup_stm32f103xb.o(.text)
    USB_LP_CAN1_RX0_IRQHandler               0x080001b7   Thumb Code     0  startup_stm32f103xb.o(.text)
    WWDG_IRQHandler                          0x080001b7   Thumb Code     0  startup_stm32f103xb.o(.text)
    __aeabi_llsr                             0x080001c1   Thumb Code    32  llushr.o(.text)
    _ll_ushift_r                             0x080001c1   Thumb Code     0  llushr.o(.text)
    __aeabi_memcpy                           0x080001e1   Thumb Code    36  memcpya.o(.text)
    __aeabi_memcpy4                          0x080001e1   Thumb Code     0  memcpya.o(.text)
    __aeabi_memcpy8                          0x080001e1   Thumb Code     0  memcpya.o(.text)
    __aeabi_memset                           0x08000205   Thumb Code    14  memseta.o(.text)
    __aeabi_memset4                          0x08000205   Thumb Code     0  memseta.o(.text)
    __aeabi_memset8                          0x08000205   Thumb Code     0  memseta.o(.text)
    __aeabi_memclr                           0x08000213   Thumb Code     4  memseta.o(.text)
    __aeabi_memclr4                          0x08000213   Thumb Code     0  memseta.o(.text)
    __aeabi_memclr8                          0x08000213   Thumb Code     0  memseta.o(.text)
    memset                                   0x08000217   Thumb Code    18  memseta.o(.text)
    __aeabi_fadd                             0x08000229   Thumb Code   164  fadd.o(.text)
    __aeabi_fsub                             0x080002cd   Thumb Code     6  fadd.o(.text)
    __aeabi_frsub                            0x080002d3   Thumb Code     6  fadd.o(.text)
    __aeabi_fmul                             0x080002d9   Thumb Code   100  fmul.o(.text)
    __ARM_scalbnf                            0x0800033d   Thumb Code    24  fscalb.o(.text)
    scalbnf                                  0x0800033d   Thumb Code     0  fscalb.o(.text)
    __aeabi_ui2f                             0x08000355   Thumb Code    10  ffltui.o(.text)
    __aeabi_f2d                              0x0800035f   Thumb Code    38  f2d.o(.text)
    __aeabi_uidiv                            0x08000385   Thumb Code     0  uidiv.o(.text)
    __aeabi_uidivmod                         0x08000385   Thumb Code    44  uidiv.o(.text)
    __aeabi_uldivmod                         0x080003b1   Thumb Code    98  uldiv.o(.text)
    __I$use$fp                               0x08000413   Thumb Code     0  iusefp.o(.text)
    _float_round                             0x08000413   Thumb Code    18  fepilogue.o(.text)
    _float_epilogue                          0x08000425   Thumb Code    92  fepilogue.o(.text)
    __aeabi_dadd                             0x08000481   Thumb Code   322  dadd.o(.text)
    __aeabi_dsub                             0x080005c3   Thumb Code     6  dadd.o(.text)
    __aeabi_drsub                            0x080005c9   Thumb Code     6  dadd.o(.text)
    __aeabi_dmul                             0x080005cf   Thumb Code   228  dmul.o(.text)
    __aeabi_ddiv                             0x080006b3   Thumb Code   222  ddiv.o(.text)
    __aeabi_d2ulz                            0x08000791   Thumb Code    48  dfixul.o(.text)
    __aeabi_cdrcmple                         0x080007c1   Thumb Code    48  cdrcmple.o(.text)
    __scatterload                            0x080007f1   Thumb Code    28  init.o(.text)
    __scatterload_rt2                        0x080007f1   Thumb Code     0  init.o(.text)
    __aeabi_llsl                             0x08000815   Thumb Code    30  llshl.o(.text)
    _ll_shift_l                              0x08000815   Thumb Code     0  llshl.o(.text)
    __aeabi_lasr                             0x08000833   Thumb Code    36  llsshr.o(.text)
    _ll_sshift_r                             0x08000833   Thumb Code     0  llsshr.o(.text)
    _double_round                            0x08000857   Thumb Code    30  depilogue.o(.text)
    _double_epilogue                         0x08000875   Thumb Code   156  depilogue.o(.text)
    AHT20_Get_Temp_Humidity                  0x08000911   Thumb Code   130  sensor.o(i.AHT20_Get_Temp_Humidity)
    AHT20_Init                               0x080009a1   Thumb Code    26  sensor.o(i.AHT20_Init)
    AHT20_Read_Data                          0x080009c1   Thumb Code    20  sensor.o(i.AHT20_Read_Data)
    AHT20_Start_Measure                      0x080009d5   Thumb Code    26  sensor.o(i.AHT20_Start_Measure)
    BusFault_Handler                         0x080009f5   Thumb Code     2  stm32f1xx_it.o(i.BusFault_Handler)
    DebugMon_Handler                         0x080009f7   Thumb Code     2  stm32f1xx_it.o(i.DebugMon_Handler)
    HAL_DMA_Abort                            0x080009f9   Thumb Code    70  stm32f1xx_hal_dma.o(i.HAL_DMA_Abort)
    HAL_DMA_Abort_IT                         0x08000a41   Thumb Code   148  stm32f1xx_hal_dma.o(i.HAL_DMA_Abort_IT)
    HAL_Delay                                0x08000ad9   Thumb Code    32  stm32f1xx_hal.o(i.HAL_Delay)
    HAL_GPIO_Init                            0x08000afd   Thumb Code   446  stm32f1xx_hal_gpio.o(i.HAL_GPIO_Init)
    HAL_GPIO_TogglePin                       0x08000cdd   Thumb Code    16  stm32f1xx_hal_gpio.o(i.HAL_GPIO_TogglePin)
    HAL_GPIO_WritePin                        0x08000ced   Thumb Code    10  stm32f1xx_hal_gpio.o(i.HAL_GPIO_WritePin)
    HAL_GetTick                              0x08000cf9   Thumb Code     6  stm32f1xx_hal.o(i.HAL_GetTick)
    HAL_I2C_Init                             0x08000d05   Thumb Code   376  stm32f1xx_hal_i2c.o(i.HAL_I2C_Init)
    HAL_I2C_Master_Receive                   0x08000e8d   Thumb Code   564  stm32f1xx_hal_i2c.o(i.HAL_I2C_Master_Receive)
    HAL_I2C_Master_Transmit                  0x080010d1   Thumb Code   290  stm32f1xx_hal_i2c.o(i.HAL_I2C_Master_Transmit)
    HAL_I2C_MspInit                          0x080011fd   Thumb Code    82  stm32f1xx_hal_msp.o(i.HAL_I2C_MspInit)
    HAL_IncTick                              0x0800125d   Thumb Code    12  stm32f1xx_hal.o(i.HAL_IncTick)
    HAL_Init                                 0x0800126d   Thumb Code    32  stm32f1xx_hal.o(i.HAL_Init)
    HAL_InitTick                             0x08001291   Thumb Code   132  stm32f1xx_hal_timebase_tim.o(i.HAL_InitTick)
    HAL_MspInit                              0x08001329   Thumb Code    62  stm32f1xx_hal_msp.o(i.HAL_MspInit)
    HAL_NVIC_EnableIRQ                       0x08001371   Thumb Code    26  stm32f1xx_hal_cortex.o(i.HAL_NVIC_EnableIRQ)
    HAL_NVIC_SetPriority                     0x0800138d   Thumb Code    60  stm32f1xx_hal_cortex.o(i.HAL_NVIC_SetPriority)
    HAL_NVIC_SetPriorityGrouping             0x080013cd   Thumb Code    26  stm32f1xx_hal_cortex.o(i.HAL_NVIC_SetPriorityGrouping)
    HAL_RCC_ClockConfig                      0x080013f1   Thumb Code   280  stm32f1xx_hal_rcc.o(i.HAL_RCC_ClockConfig)
    HAL_RCC_GetClockConfig                   0x0800151d   Thumb Code    54  stm32f1xx_hal_rcc.o(i.HAL_RCC_GetClockConfig)
    HAL_RCC_GetPCLK1Freq                     0x0800155d   Thumb Code    20  stm32f1xx_hal_rcc.o(i.HAL_RCC_GetPCLK1Freq)
    HAL_RCC_GetPCLK2Freq                     0x0800157d   Thumb Code    20  stm32f1xx_hal_rcc.o(i.HAL_RCC_GetPCLK2Freq)
    HAL_RCC_GetSysClockFreq                  0x0800159d   Thumb Code    74  stm32f1xx_hal_rcc.o(i.HAL_RCC_GetSysClockFreq)
    HAL_RCC_OscConfig                        0x08001609   Thumb Code   778  stm32f1xx_hal_rcc.o(i.HAL_RCC_OscConfig)
    HAL_TIMEx_BreakCallback                  0x08001929   Thumb Code     2  stm32f1xx_hal_tim_ex.o(i.HAL_TIMEx_BreakCallback)
    HAL_TIMEx_CommutCallback                 0x0800192b   Thumb Code     2  stm32f1xx_hal_tim_ex.o(i.HAL_TIMEx_CommutCallback)
    HAL_TIM_Base_Init                        0x0800192d   Thumb Code    90  stm32f1xx_hal_tim.o(i.HAL_TIM_Base_Init)
    HAL_TIM_Base_MspInit                     0x08001987   Thumb Code     2  stm32f1xx_hal_tim.o(i.HAL_TIM_Base_MspInit)
    HAL_TIM_Base_Start_IT                    0x08001989   Thumb Code    76  stm32f1xx_hal_tim.o(i.HAL_TIM_Base_Start_IT)
    HAL_TIM_IC_CaptureCallback               0x080019e1   Thumb Code     2  stm32f1xx_hal_tim.o(i.HAL_TIM_IC_CaptureCallback)
    HAL_TIM_IRQHandler                       0x080019e3   Thumb Code   358  stm32f1xx_hal_tim.o(i.HAL_TIM_IRQHandler)
    HAL_TIM_OC_DelayElapsedCallback          0x08001b49   Thumb Code     2  stm32f1xx_hal_tim.o(i.HAL_TIM_OC_DelayElapsedCallback)
    HAL_TIM_PWM_PulseFinishedCallback        0x08001b4b   Thumb Code     2  stm32f1xx_hal_tim.o(i.HAL_TIM_PWM_PulseFinishedCallback)
    HAL_TIM_PeriodElapsedCallback            0x08001b4d   Thumb Code    14  main.o(i.HAL_TIM_PeriodElapsedCallback)
    HAL_TIM_TriggerCallback                  0x08001b61   Thumb Code     2  stm32f1xx_hal_tim.o(i.HAL_TIM_TriggerCallback)
    HAL_UARTEx_ReceiveToIdle_IT              0x08001b63   Thumb Code    74  stm32f1xx_hal_uart.o(i.HAL_UARTEx_ReceiveToIdle_IT)
    HAL_UARTEx_RxEventCallback               0x08001bad   Thumb Code    68  esp8266_at.o(i.HAL_UARTEx_RxEventCallback)
    HAL_UART_ErrorCallback                   0x08001c01   Thumb Code     2  stm32f1xx_hal_uart.o(i.HAL_UART_ErrorCallback)
    HAL_UART_IRQHandler                      0x08001c05   Thumb Code   520  stm32f1xx_hal_uart.o(i.HAL_UART_IRQHandler)
    HAL_UART_Init                            0x08001e11   Thumb Code    98  stm32f1xx_hal_uart.o(i.HAL_UART_Init)
    HAL_UART_MspInit                         0x08001e75   Thumb Code   198  stm32f1xx_hal_msp.o(i.HAL_UART_MspInit)
    HAL_UART_RxCpltCallback                  0x08001f4d   Thumb Code     2  stm32f1xx_hal_uart.o(i.HAL_UART_RxCpltCallback)
    HAL_UART_Transmit                        0x08001f51   Thumb Code   178  stm32f1xx_hal_uart.o(i.HAL_UART_Transmit)
    HAL_UART_TxCpltCallback                  0x08002003   Thumb Code     2  stm32f1xx_hal_uart.o(i.HAL_UART_TxCpltCallback)
    HardFault_Handler                        0x08002005   Thumb Code     2  stm32f1xx_it.o(i.HardFault_Handler)
    MemManage_Handler                        0x08002489   Thumb Code     2  stm32f1xx_it.o(i.MemManage_Handler)
    NMI_Handler                              0x0800248b   Thumb Code     2  stm32f1xx_it.o(i.NMI_Handler)
    StartDefaultTask                         0x0800248d   Thumb Code    78  main.o(i.StartDefaultTask)
    SysTick_Handler                          0x08002519   Thumb Code    38  port.o(i.SysTick_Handler)
    SystemClock_Config                       0x08002545   Thumb Code    94  main.o(i.SystemClock_Config)
    SystemInit                               0x080025a3   Thumb Code     2  system_stm32f1xx.o(i.SystemInit)
    TIM4_IRQHandler                          0x080025a5   Thumb Code     6  stm32f1xx_it.o(i.TIM4_IRQHandler)
    TIM_Base_SetConfig                       0x080025b1   Thumb Code    94  stm32f1xx_hal_tim.o(i.TIM_Base_SetConfig)
    UART_Start_Receive_IT                    0x080027cd   Thumb Code    54  stm32f1xx_hal_uart.o(i.UART_Start_Receive_IT)
    USART1_IRQHandler                        0x08002869   Thumb Code     6  stm32f1xx_it.o(i.USART1_IRQHandler)
    USART2_IRQHandler                        0x08002875   Thumb Code     6  stm32f1xx_it.o(i.USART2_IRQHandler)
    UsageFault_Handler                       0x08002881   Thumb Code     2  stm32f1xx_it.o(i.UsageFault_Handler)
    __0printf                                0x08002885   Thumb Code    22  printfa.o(i.__0printf)
    __1printf                                0x08002885   Thumb Code     0  printfa.o(i.__0printf)
    __2printf                                0x08002885   Thumb Code     0  printfa.o(i.__0printf)
    __c89printf                              0x08002885   Thumb Code     0  printfa.o(i.__0printf)
    printf                                   0x08002885   Thumb Code     0  printfa.o(i.__0printf)
    __scatterload_copy                       0x080028c5   Thumb Code    14  handlers.o(i.__scatterload_copy)
    __scatterload_null                       0x080028d3   Thumb Code     2  handlers.o(i.__scatterload_null)
    __scatterload_zeroinit                   0x080028d5   Thumb Code    14  handlers.o(i.__scatterload_zeroinit)
    fputc                                    0x08003171   Thumb Code    20  uart_printf.o(i.fputc)
    main                                     0x08003189   Thumb Code   146  main.o(i.main)
    osDelay                                  0x0800323d   Thumb Code    46  cmsis_os2.o(i.osDelay)
    osKernelInitialize                       0x08003271   Thumb Code    50  cmsis_os2.o(i.osKernelInitialize)
    osKernelStart                            0x080032a9   Thumb Code    58  cmsis_os2.o(i.osKernelStart)
    osSemaphoreRelease                       0x080032e9   Thumb Code   102  cmsis_os2.o(i.osSemaphoreRelease)
    osThreadNew                              0x08003359   Thumb Code   160  cmsis_os2.o(i.osThreadNew)
    pvPortMalloc                             0x08003b45   Thumb Code   210  heap_4.o(i.pvPortMalloc)
    pxPortInitialiseStack                    0x08003c1d   Thumb Code    32  port.o(i.pxPortInitialiseStack)
    uxListRemove                             0x08003c41   Thumb Code    38  list.o(i.uxListRemove)
    vApplicationGetIdleTaskMemory            0x08003c69   Thumb Code    16  cmsis_os2.o(i.vApplicationGetIdleTaskMemory)
    vApplicationGetTimerTaskMemory           0x08003c7d   Thumb Code    18  cmsis_os2.o(i.vApplicationGetTimerTaskMemory)
    vApplicationIdleHook                     0x08003c95   Thumb Code     2  freertos.o(i.vApplicationIdleHook)
    vApplicationTickHook                     0x08003c99   Thumb Code    34  freertos.o(i.vApplicationTickHook)
    vListInitialise                          0x08003cc5   Thumb Code    22  list.o(i.vListInitialise)
    vListInitialiseItem                      0x08003cdb   Thumb Code     6  list.o(i.vListInitialiseItem)
    vListInsert                              0x08003ce1   Thumb Code    48  list.o(i.vListInsert)
    vListInsertEnd                           0x08003d11   Thumb Code    24  list.o(i.vListInsertEnd)
    vPortEnterCritical                       0x08003d29   Thumb Code    54  port.o(i.vPortEnterCritical)
    vPortExitCritical                        0x08003d69   Thumb Code    34  port.o(i.vPortExitCritical)
    vPortFree                                0x08003d91   Thumb Code    88  heap_4.o(i.vPortFree)
    vPortSetupTimerInterrupt                 0x08003ded   Thumb Code    32  port.o(i.vPortSetupTimerInterrupt)
    vPortValidateInterruptPriority           0x08003e11   Thumb Code    74  port.o(i.vPortValidateInterruptPriority)
    vQueueAddToRegistry                      0x08003e65   Thumb Code    34  queue.o(i.vQueueAddToRegistry)
    vQueueWaitForMessageRestricted           0x08003e8d   Thumb Code    68  queue.o(i.vQueueWaitForMessageRestricted)
    vTaskDelay                               0x08003ed1   Thumb Code    66  tasks.o(i.vTaskDelay)
    vTaskInternalSetTimeOutState             0x08003f1d   Thumb Code    12  tasks.o(i.vTaskInternalSetTimeOutState)
    vTaskMissedYield                         0x08003f2d   Thumb Code     8  tasks.o(i.vTaskMissedYield)
    vTaskPlaceOnEventList                    0x08003f39   Thumb Code    44  tasks.o(i.vTaskPlaceOnEventList)
    vTaskPlaceOnEventListRestricted          0x08003f69   Thumb Code    52  tasks.o(i.vTaskPlaceOnEventListRestricted)
    vTaskStartScheduler                      0x08003fa1   Thumb Code   118  tasks.o(i.vTaskStartScheduler)
    vTaskSuspendAll                          0x08004029   Thumb Code    10  tasks.o(i.vTaskSuspendAll)
    vTaskSwitchContext                       0x08004039   Thumb Code    90  tasks.o(i.vTaskSwitchContext)
    xPortStartScheduler                      0x0800409d   Thumb Code   154  port.o(i.xPortStartScheduler)
    xQueueGenericCreateStatic                0x08004145   Thumb Code   102  queue.o(i.xQueueGenericCreateStatic)
    xQueueGenericReset                       0x080041ad   Thumb Code   132  queue.o(i.xQueueGenericReset)
    xQueueGenericSend                        0x08004235   Thumb Code   346  queue.o(i.xQueueGenericSend)
    xQueueGenericSendFromISR                 0x08004395   Thumb Code   188  queue.o(i.xQueueGenericSendFromISR)
    xQueueGiveFromISR                        0x08004451   Thumb Code   156  queue.o(i.xQueueGiveFromISR)
    xQueueReceive                            0x080044ed   Thumb Code   308  queue.o(i.xQueueReceive)
    xTaskCheckForTimeOut                     0x08004625   Thumb Code   112  tasks.o(i.xTaskCheckForTimeOut)
    xTaskCreate                              0x08004699   Thumb Code    90  tasks.o(i.xTaskCreate)
    xTaskCreateStatic                        0x080046f3   Thumb Code    86  tasks.o(i.xTaskCreateStatic)
    xTaskGetSchedulerState                   0x08004749   Thumb Code    22  tasks.o(i.xTaskGetSchedulerState)
    xTaskGetTickCount                        0x08004765   Thumb Code     6  tasks.o(i.xTaskGetTickCount)
    xTaskIncrementTick                       0x08004771   Thumb Code   200  tasks.o(i.xTaskIncrementTick)
    xTaskPriorityDisinherit                  0x08004841   Thumb Code   118  tasks.o(i.xTaskPriorityDisinherit)
    xTaskRemoveFromEventList                 0x080048c1   Thumb Code    98  tasks.o(i.xTaskRemoveFromEventList)
    xTaskResumeAll                           0x08004931   Thumb Code   182  tasks.o(i.xTaskResumeAll)
    xTimerCreateTimerTask                    0x080049f5   Thumb Code    78  timers.o(i.xTimerCreateTimerTask)
    xTimerGenericCommand                     0x08004a55   Thumb Code    98  timers.o(i.xTimerGenericCommand)
    defaultTask_attributes                   0x08004abc   Data          36  main.o(.constdata)
    AHBPrescTable                            0x08004ae0   Data          16  system_stm32f1xx.o(.constdata)
    APBPrescTable                            0x08004af0   Data           8  system_stm32f1xx.o(.constdata)
    Region$$Table$$Base                      0x08004b04   Number         0  anon$$obj.o(Region$$Table)
    Region$$Table$$Limit                     0x08004b24   Number         0  anon$$obj.o(Region$$Table)
    rx_len                                   0x20000000   Data           2  esp8266_at.o(.data)
    usr_len                                  0x20000002   Data           2  esp8266_at.o(.data)
    recv_sem                                 0x20000004   Data           4  esp8266_at.o(.data)
    usr_sem                                  0x20000008   Data           4  esp8266_at.o(.data)
    my_handle                                0x2000000c   Data           8  esp8266_at.o(.data)
    t                                        0x20000014   Data           4  main.o(.data)
    h                                        0x20000018   Data           4  main.o(.data)
    defaultTaskHandle                        0x2000001c   Data           4  main.o(.data)
    uwTickFreq                               0x20000024   Data           1  stm32f1xx_hal.o(.data)
    uwTickPrio                               0x20000028   Data           4  stm32f1xx_hal.o(.data)
    uwTick                                   0x2000002c   Data           4  stm32f1xx_hal.o(.data)
    SystemCoreClock                          0x20000030   Data           4  system_stm32f1xx.o(.data)
    pxCurrentTCB                             0x20000034   Data           4  tasks.o(.data)
    __stdout                                 0x200000ac   Data           4  stdout.o(.data)
    usr_data                                 0x200000b0   Data         128  esp8266_at.o(.bss)
    rx_data                                  0x20000130   Data         128  esp8266_at.o(.bss)
    hi2c2                                    0x200001b0   Data          84  main.o(.bss)
    huart1                                   0x20000204   Data          68  main.o(.bss)
    huart2                                   0x20000248   Data          68  main.o(.bss)
    htim4                                    0x2000028c   Data          72  stm32f1xx_hal_timebase_tim.o(.bss)
    xQueueRegistry                           0x200002d4   Data          64  queue.o(.bss)
    __initial_sp                             0x20001fa8   Data           0  startup_stm32f103xb.o(STACK)



==============================================================================

Memory Map of the image

  Image Entry point : 0x080000ed

  Load Region LR_IROM1 (Base: 0x08000000, Size: 0x00004bd4, Max: 0x00010000, ABSOLUTE)

    Execution Region ER_IROM1 (Exec base: 0x08000000, Load base: 0x08000000, Size: 0x00004b24, Max: 0x00010000, ABSOLUTE)

    Exec Addr    Load Addr    Size         Type   Attr      Idx    E Section Name        Object

    0x08000000   0x08000000   0x000000ec   Data   RO            3    RESET               startup_stm32f103xb.o
    0x080000ec   0x080000ec   0x00000000   Code   RO         4994  * .ARM.Collect$$$$00000000  mc_w.l(entry.o)
    0x080000ec   0x080000ec   0x00000004   Code   RO         5286    .ARM.Collect$$$$00000001  mc_w.l(entry2.o)
    0x080000f0   0x080000f0   0x00000004   Code   RO         5289    .ARM.Collect$$$$00000004  mc_w.l(entry5.o)
    0x080000f4   0x080000f4   0x00000000   Code   RO         5291    .ARM.Collect$$$$00000008  mc_w.l(entry7b.o)
    0x080000f4   0x080000f4   0x00000000   Code   RO         5293    .ARM.Collect$$$$0000000A  mc_w.l(entry8b.o)
    0x080000f4   0x080000f4   0x00000008   Code   RO         5294    .ARM.Collect$$$$0000000B  mc_w.l(entry9a.o)
    0x080000fc   0x080000fc   0x00000004   Code   RO         5301    .ARM.Collect$$$$0000000E  mc_w.l(entry12b.o)
    0x08000100   0x08000100   0x00000000   Code   RO         5296    .ARM.Collect$$$$0000000F  mc_w.l(entry10a.o)
    0x08000100   0x08000100   0x00000000   Code   RO         5298    .ARM.Collect$$$$00000011  mc_w.l(entry11a.o)
    0x08000100   0x08000100   0x00000004   Code   RO         5287    .ARM.Collect$$$$00002712  mc_w.l(entry2.o)
    0x08000104   0x08000104   0x00000096   Code   RO         4917    .emb_text           port.o
    0x0800019a   0x0800019a   0x00000002   PAD
    0x0800019c   0x0800019c   0x00000024   Code   RO            4    .text               startup_stm32f103xb.o
    0x080001c0   0x080001c0   0x00000020   Code   RO         4997    .text               mc_w.l(llushr.o)
    0x080001e0   0x080001e0   0x00000024   Code   RO         4999    .text               mc_w.l(memcpya.o)
    0x08000204   0x08000204   0x00000024   Code   RO         5003    .text               mc_w.l(memseta.o)
    0x08000228   0x08000228   0x000000b0   Code   RO         5276    .text               mf_w.l(fadd.o)
    0x080002d8   0x080002d8   0x00000064   Code   RO         5278    .text               mf_w.l(fmul.o)
    0x0800033c   0x0800033c   0x00000018   Code   RO         5280    .text               mf_w.l(fscalb.o)
    0x08000354   0x08000354   0x0000000a   Code   RO         5282    .text               mf_w.l(ffltui.o)
    0x0800035e   0x0800035e   0x00000026   Code   RO         5284    .text               mf_w.l(f2d.o)
    0x08000384   0x08000384   0x0000002c   Code   RO         5303    .text               mc_w.l(uidiv.o)
    0x080003b0   0x080003b0   0x00000062   Code   RO         5305    .text               mc_w.l(uldiv.o)
    0x08000412   0x08000412   0x00000000   Code   RO         5313    .text               mc_w.l(iusefp.o)
    0x08000412   0x08000412   0x0000006e   Code   RO         5314    .text               mf_w.l(fepilogue.o)
    0x08000480   0x08000480   0x0000014e   Code   RO         5316    .text               mf_w.l(dadd.o)
    0x080005ce   0x080005ce   0x000000e4   Code   RO         5318    .text               mf_w.l(dmul.o)
    0x080006b2   0x080006b2   0x000000de   Code   RO         5320    .text               mf_w.l(ddiv.o)
    0x08000790   0x08000790   0x00000030   Code   RO         5322    .text               mf_w.l(dfixul.o)
    0x080007c0   0x080007c0   0x00000030   Code   RO         5324    .text               mf_w.l(cdrcmple.o)
    0x080007f0   0x080007f0   0x00000024   Code   RO         5326    .text               mc_w.l(init.o)
    0x08000814   0x08000814   0x0000001e   Code   RO         5328    .text               mc_w.l(llshl.o)
    0x08000832   0x08000832   0x00000024   Code   RO         5330    .text               mc_w.l(llsshr.o)
    0x08000856   0x08000856   0x000000ba   Code   RO         5336    .text               mf_w.l(depilogue.o)
    0x08000910   0x08000910   0x00000090   Code   RO          238    i.AHT20_Get_Temp_Humidity  sensor.o
    0x080009a0   0x080009a0   0x00000020   Code   RO          239    i.AHT20_Init        sensor.o
    0x080009c0   0x080009c0   0x00000014   Code   RO          240    i.AHT20_Read_Data   sensor.o
    0x080009d4   0x080009d4   0x00000020   Code   RO          242    i.AHT20_Start_Measure  sensor.o
    0x080009f4   0x080009f4   0x00000002   Code   RO          392    i.BusFault_Handler  stm32f1xx_it.o
    0x080009f6   0x080009f6   0x00000002   Code   RO          393    i.DebugMon_Handler  stm32f1xx_it.o
    0x080009f8   0x080009f8   0x00000046   Code   RO          970    i.HAL_DMA_Abort     stm32f1xx_hal_dma.o
    0x08000a3e   0x08000a3e   0x00000002   PAD
    0x08000a40   0x08000a40   0x00000098   Code   RO          971    i.HAL_DMA_Abort_IT  stm32f1xx_hal_dma.o
    0x08000ad8   0x08000ad8   0x00000024   Code   RO          598    i.HAL_Delay         stm32f1xx_hal.o
    0x08000afc   0x08000afc   0x000001e0   Code   RO          906    i.HAL_GPIO_Init     stm32f1xx_hal_gpio.o
    0x08000cdc   0x08000cdc   0x00000010   Code   RO          909    i.HAL_GPIO_TogglePin  stm32f1xx_hal_gpio.o
    0x08000cec   0x08000cec   0x0000000a   Code   RO          910    i.HAL_GPIO_WritePin  stm32f1xx_hal_gpio.o
    0x08000cf6   0x08000cf6   0x00000002   PAD
    0x08000cf8   0x08000cf8   0x0000000c   Code   RO          602    i.HAL_GetTick       stm32f1xx_hal.o
    0x08000d04   0x08000d04   0x00000188   Code   RO         1577    i.HAL_I2C_Init      stm32f1xx_hal_i2c.o
    0x08000e8c   0x08000e8c   0x00000244   Code   RO         1583    i.HAL_I2C_Master_Receive  stm32f1xx_hal_i2c.o
    0x080010d0   0x080010d0   0x0000012c   Code   RO         1590    i.HAL_I2C_Master_Transmit  stm32f1xx_hal_i2c.o
    0x080011fc   0x080011fc   0x00000060   Code   RO          469    i.HAL_I2C_MspInit   stm32f1xx_hal_msp.o
    0x0800125c   0x0800125c   0x00000010   Code   RO          608    i.HAL_IncTick       stm32f1xx_hal.o
    0x0800126c   0x0800126c   0x00000024   Code   RO          609    i.HAL_Init          stm32f1xx_hal.o
    0x08001290   0x08001290   0x00000098   Code   RO          516    i.HAL_InitTick      stm32f1xx_hal_timebase_tim.o
    0x08001328   0x08001328   0x00000048   Code   RO          470    i.HAL_MspInit       stm32f1xx_hal_msp.o
    0x08001370   0x08001370   0x0000001a   Code   RO         1066    i.HAL_NVIC_EnableIRQ  stm32f1xx_hal_cortex.o
    0x0800138a   0x0800138a   0x00000002   PAD
    0x0800138c   0x0800138c   0x00000040   Code   RO         1072    i.HAL_NVIC_SetPriority  stm32f1xx_hal_cortex.o
    0x080013cc   0x080013cc   0x00000024   Code   RO         1073    i.HAL_NVIC_SetPriorityGrouping  stm32f1xx_hal_cortex.o
    0x080013f0   0x080013f0   0x0000012c   Code   RO          766    i.HAL_RCC_ClockConfig  stm32f1xx_hal_rcc.o
    0x0800151c   0x0800151c   0x00000040   Code   RO          770    i.HAL_RCC_GetClockConfig  stm32f1xx_hal_rcc.o
    0x0800155c   0x0800155c   0x00000020   Code   RO          773    i.HAL_RCC_GetPCLK1Freq  stm32f1xx_hal_rcc.o
    0x0800157c   0x0800157c   0x00000020   Code   RO          774    i.HAL_RCC_GetPCLK2Freq  stm32f1xx_hal_rcc.o
    0x0800159c   0x0800159c   0x0000006c   Code   RO          775    i.HAL_RCC_GetSysClockFreq  stm32f1xx_hal_rcc.o
    0x08001608   0x08001608   0x00000320   Code   RO          778    i.HAL_RCC_OscConfig  stm32f1xx_hal_rcc.o
    0x08001928   0x08001928   0x00000002   Code   RO         2704    i.HAL_TIMEx_BreakCallback  stm32f1xx_hal_tim_ex.o
    0x0800192a   0x0800192a   0x00000002   Code   RO         2705    i.HAL_TIMEx_CommutCallback  stm32f1xx_hal_tim_ex.o
    0x0800192c   0x0800192c   0x0000005a   Code   RO         2000    i.HAL_TIM_Base_Init  stm32f1xx_hal_tim.o
    0x08001986   0x08001986   0x00000002   Code   RO         2002    i.HAL_TIM_Base_MspInit  stm32f1xx_hal_tim.o
    0x08001988   0x08001988   0x00000058   Code   RO         2005    i.HAL_TIM_Base_Start_IT  stm32f1xx_hal_tim.o
    0x080019e0   0x080019e0   0x00000002   Code   RO         2034    i.HAL_TIM_IC_CaptureCallback  stm32f1xx_hal_tim.o
    0x080019e2   0x080019e2   0x00000166   Code   RO         2048    i.HAL_TIM_IRQHandler  stm32f1xx_hal_tim.o
    0x08001b48   0x08001b48   0x00000002   Code   RO         2051    i.HAL_TIM_OC_DelayElapsedCallback  stm32f1xx_hal_tim.o
    0x08001b4a   0x08001b4a   0x00000002   Code   RO         2078    i.HAL_TIM_PWM_PulseFinishedCallback  stm32f1xx_hal_tim.o
    0x08001b4c   0x08001b4c   0x00000014   Code   RO          286    i.HAL_TIM_PeriodElapsedCallback  main.o
    0x08001b60   0x08001b60   0x00000002   Code   RO         2091    i.HAL_TIM_TriggerCallback  stm32f1xx_hal_tim.o
    0x08001b62   0x08001b62   0x0000004a   Code   RO         2981    i.HAL_UARTEx_ReceiveToIdle_IT  stm32f1xx_hal_uart.o
    0x08001bac   0x08001bac   0x00000054   Code   RO          133    i.HAL_UARTEx_RxEventCallback  esp8266_at.o
    0x08001c00   0x08001c00   0x00000002   Code   RO         2996    i.HAL_UART_ErrorCallback  stm32f1xx_hal_uart.o
    0x08001c02   0x08001c02   0x00000002   PAD
    0x08001c04   0x08001c04   0x0000020c   Code   RO         2999    i.HAL_UART_IRQHandler  stm32f1xx_hal_uart.o
    0x08001e10   0x08001e10   0x00000062   Code   RO         3000    i.HAL_UART_Init     stm32f1xx_hal_uart.o
    0x08001e72   0x08001e72   0x00000002   PAD
    0x08001e74   0x08001e74   0x000000d8   Code   RO          472    i.HAL_UART_MspInit  stm32f1xx_hal_msp.o
    0x08001f4c   0x08001f4c   0x00000002   Code   RO         3006    i.HAL_UART_RxCpltCallback  stm32f1xx_hal_uart.o
    0x08001f4e   0x08001f4e   0x00000002   PAD
    0x08001f50   0x08001f50   0x000000b2   Code   RO         3008    i.HAL_UART_Transmit  stm32f1xx_hal_uart.o
    0x08002002   0x08002002   0x00000002   Code   RO         3011    i.HAL_UART_TxCpltCallback  stm32f1xx_hal_uart.o
    0x08002004   0x08002004   0x00000002   Code   RO          394    i.HardFault_Handler  stm32f1xx_it.o
    0x08002006   0x08002006   0x0000002e   Code   RO         1619    i.I2C_IsAcknowledgeFailed  stm32f1xx_hal_i2c.o
    0x08002034   0x08002034   0x000000ec   Code   RO         1622    i.I2C_MasterRequestRead  stm32f1xx_hal_i2c.o
    0x08002120   0x08002120   0x0000009c   Code   RO         1623    i.I2C_MasterRequestWrite  stm32f1xx_hal_i2c.o
    0x080021bc   0x080021bc   0x0000004c   Code   RO         1634    i.I2C_WaitOnBTFFlagUntilTimeout  stm32f1xx_hal_i2c.o
    0x08002208   0x08002208   0x00000068   Code   RO         1635    i.I2C_WaitOnFlagUntilTimeout  stm32f1xx_hal_i2c.o
    0x08002270   0x08002270   0x00000096   Code   RO         1636    i.I2C_WaitOnMasterAddressFlagUntilTimeout  stm32f1xx_hal_i2c.o
    0x08002306   0x08002306   0x00000066   Code   RO         1637    i.I2C_WaitOnRXNEFlagUntilTimeout  stm32f1xx_hal_i2c.o
    0x0800236c   0x0800236c   0x0000004c   Code   RO         1638    i.I2C_WaitOnTXEFlagUntilTimeout  stm32f1xx_hal_i2c.o
    0x080023b8   0x080023b8   0x000000d0   Code   RO          287    i.MX_GPIO_Init      main.o
    0x08002488   0x08002488   0x00000002   Code   RO          395    i.MemManage_Handler  stm32f1xx_it.o
    0x0800248a   0x0800248a   0x00000002   Code   RO          396    i.NMI_Handler       stm32f1xx_it.o
    0x0800248c   0x0800248c   0x0000008c   Code   RO          288    i.StartDefaultTask  main.o
    0x08002518   0x08002518   0x0000002c   Code   RO         4918    i.SysTick_Handler   port.o
    0x08002544   0x08002544   0x0000005e   Code   RO          289    i.SystemClock_Config  main.o
    0x080025a2   0x080025a2   0x00000002   Code   RO         3329    i.SystemInit        system_stm32f1xx.o
    0x080025a4   0x080025a4   0x0000000c   Code   RO          397    i.TIM4_IRQHandler   stm32f1xx_it.o
    0x080025b0   0x080025b0   0x0000006c   Code   RO         2093    i.TIM_Base_SetConfig  stm32f1xx_hal_tim.o
    0x0800261c   0x0800261c   0x00000010   Code   RO         3013    i.UART_DMAAbortOnError  stm32f1xx_hal_uart.o
    0x0800262c   0x0800262c   0x00000030   Code   RO         3023    i.UART_EndRxTransfer  stm32f1xx_hal_uart.o
    0x0800265c   0x0800265c   0x000000b6   Code   RO         3025    i.UART_Receive_IT   stm32f1xx_hal_uart.o
    0x08002712   0x08002712   0x00000002   PAD
    0x08002714   0x08002714   0x000000b8   Code   RO         3026    i.UART_SetConfig    stm32f1xx_hal_uart.o
    0x080027cc   0x080027cc   0x00000036   Code   RO         3028    i.UART_Start_Receive_IT  stm32f1xx_hal_uart.o
    0x08002802   0x08002802   0x00000064   Code   RO         3029    i.UART_WaitOnFlagUntilTimeout  stm32f1xx_hal_uart.o
    0x08002866   0x08002866   0x00000002   PAD
    0x08002868   0x08002868   0x0000000c   Code   RO          398    i.USART1_IRQHandler  stm32f1xx_it.o
    0x08002874   0x08002874   0x0000000c   Code   RO          399    i.USART2_IRQHandler  stm32f1xx_it.o
    0x08002880   0x08002880   0x00000002   Code   RO          400    i.UsageFault_Handler  stm32f1xx_it.o
    0x08002882   0x08002882   0x00000002   PAD
    0x08002884   0x08002884   0x00000020   Code   RO         5244    i.__0printf         mc_w.l(printfa.o)
    0x080028a4   0x080028a4   0x00000020   Code   RO         1079    i.__NVIC_SetPriority  stm32f1xx_hal_cortex.o
    0x080028c4   0x080028c4   0x0000000e   Code   RO         5343    i.__scatterload_copy  mc_w.l(handlers.o)
    0x080028d2   0x080028d2   0x00000002   Code   RO         5344    i.__scatterload_null  mc_w.l(handlers.o)
    0x080028d4   0x080028d4   0x0000000e   Code   RO         5345    i.__scatterload_zeroinit  mc_w.l(handlers.o)
    0x080028e2   0x080028e2   0x00000002   PAD
    0x080028e4   0x080028e4   0x00000184   Code   RO         5251    i._fp_digits        mc_w.l(printfa.o)
    0x08002a68   0x08002a68   0x000006b4   Code   RO         5252    i._printf_core      mc_w.l(printfa.o)
    0x0800311c   0x0800311c   0x00000024   Code   RO         5253    i._printf_post_padding  mc_w.l(printfa.o)
    0x08003140   0x08003140   0x0000002e   Code   RO         5254    i._printf_pre_padding  mc_w.l(printfa.o)
    0x0800316e   0x0800316e   0x00000002   PAD
    0x08003170   0x08003170   0x00000018   Code   RO           13    i.fputc             uart_printf.o
    0x08003188   0x08003188   0x000000b4   Code   RO          290    i.main              main.o
    0x0800323c   0x0800323c   0x00000034   Code   RO         4435    i.osDelay           cmsis_os2.o
    0x08003270   0x08003270   0x00000038   Code   RO         4449    i.osKernelInitialize  cmsis_os2.o
    0x080032a8   0x080032a8   0x00000040   Code   RO         4452    i.osKernelStart     cmsis_os2.o
    0x080032e8   0x080032e8   0x00000070   Code   RO         4472    i.osSemaphoreRelease  cmsis_os2.o
    0x08003358   0x08003358   0x000000a4   Code   RO         4486    i.osThreadNew       cmsis_os2.o
    0x080033fc   0x080033fc   0x0000005c   Code   RO         3931    i.prvAddCurrentTaskToDelayedList  tasks.o
    0x08003458   0x08003458   0x000000d0   Code   RO         3932    i.prvAddNewTaskToReadyList  tasks.o
    0x08003528   0x08003528   0x00000058   Code   RO         4281    i.prvCheckForValidListAndQueue  timers.o
    0x08003580   0x08003580   0x00000026   Code   RO         3534    i.prvCopyDataFromQueue  queue.o
    0x080035a6   0x080035a6   0x0000006c   Code   RO         3535    i.prvCopyDataToQueue  queue.o
    0x08003612   0x08003612   0x00000034   Code   RO         3933    i.prvDeleteTCB      tasks.o
    0x08003646   0x08003646   0x00000002   PAD
    0x08003648   0x08003648   0x0000004c   Code   RO         4868    i.prvHeapInit       heap_4.o
    0x08003694   0x08003694   0x00000064   Code   RO         3934    i.prvIdleTask       tasks.o
    0x080036f8   0x080036f8   0x00000022   Code   RO         3537    i.prvInitialiseNewQueue  queue.o
    0x0800371a   0x0800371a   0x0000009c   Code   RO         3935    i.prvInitialiseNewTask  tasks.o
    0x080037b6   0x080037b6   0x00000002   PAD
    0x080037b8   0x080037b8   0x0000004c   Code   RO         4869    i.prvInsertBlockIntoFreeList  heap_4.o
    0x08003804   0x08003804   0x00000038   Code   RO         4283    i.prvInsertTimerInActiveList  timers.o
    0x0800383c   0x0800383c   0x0000001c   Code   RO         3538    i.prvIsQueueEmpty   queue.o
    0x08003858   0x08003858   0x000000cc   Code   RO         4284    i.prvProcessReceivedCommands  timers.o
    0x08003924   0x08003924   0x000000b4   Code   RO         4285    i.prvProcessTimerOrBlockTask  timers.o
    0x080039d8   0x080039d8   0x00000020   Code   RO         3937    i.prvResetNextTaskUnblockTime  tasks.o
    0x080039f8   0x080039f8   0x00000028   Code   RO         4286    i.prvSampleTimeNow  timers.o
    0x08003a20   0x08003a20   0x0000006c   Code   RO         4287    i.prvSwitchTimerLists  timers.o
    0x08003a8c   0x08003a8c   0x00000028   Code   RO         4919    i.prvTaskExitError  port.o
    0x08003ab4   0x08003ab4   0x00000024   Code   RO         4288    i.prvTimerTask      timers.o
    0x08003ad8   0x08003ad8   0x0000006a   Code   RO         3539    i.prvUnlockQueue    queue.o
    0x08003b42   0x08003b42   0x00000002   PAD
    0x08003b44   0x08003b44   0x000000d8   Code   RO         4870    i.pvPortMalloc      heap_4.o
    0x08003c1c   0x08003c1c   0x00000024   Code   RO         4920    i.pxPortInitialiseStack  port.o
    0x08003c40   0x08003c40   0x00000026   Code   RO         3494    i.uxListRemove      list.o
    0x08003c66   0x08003c66   0x00000002   PAD
    0x08003c68   0x08003c68   0x00000014   Code   RO         4498    i.vApplicationGetIdleTaskMemory  cmsis_os2.o
    0x08003c7c   0x08003c7c   0x00000018   Code   RO         4499    i.vApplicationGetTimerTaskMemory  cmsis_os2.o
    0x08003c94   0x08003c94   0x00000002   Code   RO          347    i.vApplicationIdleHook  freertos.o
    0x08003c96   0x08003c96   0x00000002   PAD
    0x08003c98   0x08003c98   0x0000002c   Code   RO          348    i.vApplicationTickHook  freertos.o
    0x08003cc4   0x08003cc4   0x00000016   Code   RO         3495    i.vListInitialise   list.o
    0x08003cda   0x08003cda   0x00000006   Code   RO         3496    i.vListInitialiseItem  list.o
    0x08003ce0   0x08003ce0   0x00000030   Code   RO         3497    i.vListInsert       list.o
    0x08003d10   0x08003d10   0x00000018   Code   RO         3498    i.vListInsertEnd    list.o
    0x08003d28   0x08003d28   0x00000040   Code   RO         4922    i.vPortEnterCritical  port.o
    0x08003d68   0x08003d68   0x00000028   Code   RO         4923    i.vPortExitCritical  port.o
    0x08003d90   0x08003d90   0x0000005c   Code   RO         4871    i.vPortFree         heap_4.o
    0x08003dec   0x08003dec   0x00000024   Code   RO         4924    i.vPortSetupTimerInterrupt  port.o
    0x08003e10   0x08003e10   0x00000054   Code   RO         4925    i.vPortValidateInterruptPriority  port.o
    0x08003e64   0x08003e64   0x00000028   Code   RO         3545    i.vQueueAddToRegistry  queue.o
    0x08003e8c   0x08003e8c   0x00000044   Code   RO         3549    i.vQueueWaitForMessageRestricted  queue.o
    0x08003ed0   0x08003ed0   0x0000004c   Code   RO         3949    i.vTaskDelay        tasks.o
    0x08003f1c   0x08003f1c   0x00000010   Code   RO         3954    i.vTaskInternalSetTimeOutState  tasks.o
    0x08003f2c   0x08003f2c   0x0000000c   Code   RO         3955    i.vTaskMissedYield  tasks.o
    0x08003f38   0x08003f38   0x00000030   Code   RO         3957    i.vTaskPlaceOnEventList  tasks.o
    0x08003f68   0x08003f68   0x00000038   Code   RO         3958    i.vTaskPlaceOnEventListRestricted  tasks.o
    0x08003fa0   0x08003fa0   0x00000088   Code   RO         3966    i.vTaskStartScheduler  tasks.o
    0x08004028   0x08004028   0x00000010   Code   RO         3968    i.vTaskSuspendAll   tasks.o
    0x08004038   0x08004038   0x00000064   Code   RO         3969    i.vTaskSwitchContext  tasks.o
    0x0800409c   0x0800409c   0x000000a8   Code   RO         4926    i.xPortStartScheduler  port.o
    0x08004144   0x08004144   0x00000066   Code   RO         3555    i.xQueueGenericCreateStatic  queue.o
    0x080041aa   0x080041aa   0x00000002   PAD
    0x080041ac   0x080041ac   0x00000088   Code   RO         3556    i.xQueueGenericReset  queue.o
    0x08004234   0x08004234   0x00000160   Code   RO         3557    i.xQueueGenericSend  queue.o
    0x08004394   0x08004394   0x000000bc   Code   RO         3558    i.xQueueGenericSendFromISR  queue.o
    0x08004450   0x08004450   0x0000009c   Code   RO         3561    i.xQueueGiveFromISR  queue.o
    0x080044ec   0x080044ec   0x00000138   Code   RO         3567    i.xQueueReceive     queue.o
    0x08004624   0x08004624   0x00000074   Code   RO         3970    i.xTaskCheckForTimeOut  tasks.o
    0x08004698   0x08004698   0x0000005a   Code   RO         3971    i.xTaskCreate       tasks.o
    0x080046f2   0x080046f2   0x00000056   Code   RO         3972    i.xTaskCreateStatic  tasks.o
    0x08004748   0x08004748   0x0000001c   Code   RO         3976    i.xTaskGetSchedulerState  tasks.o
    0x08004764   0x08004764   0x0000000c   Code   RO         3977    i.xTaskGetTickCount  tasks.o
    0x08004770   0x08004770   0x000000d0   Code   RO         3979    i.xTaskIncrementTick  tasks.o
    0x08004840   0x08004840   0x00000080   Code   RO         3982    i.xTaskPriorityDisinherit  tasks.o
    0x080048c0   0x080048c0   0x00000070   Code   RO         3984    i.xTaskRemoveFromEventList  tasks.o
    0x08004930   0x08004930   0x000000c4   Code   RO         3985    i.xTaskResumeAll    tasks.o
    0x080049f4   0x080049f4   0x00000060   Code   RO         4295    i.xTimerCreateTimerTask  timers.o
    0x08004a54   0x08004a54   0x00000068   Code   RO         4296    i.xTimerGenericCommand  timers.o
    0x08004abc   0x08004abc   0x00000024   Data   RO          292    .constdata          main.o
    0x08004ae0   0x08004ae0   0x00000010   Data   RO         3330    .constdata          system_stm32f1xx.o
    0x08004af0   0x08004af0   0x00000008   Data   RO         3331    .constdata          system_stm32f1xx.o
    0x08004af8   0x08004af8   0x0000000c   Data   RO          293    .conststring        main.o
    0x08004b04   0x08004b04   0x00000020   Data   RO         5341    Region$$Table       anon$$obj.o


    Execution Region RW_IRAM1 (Exec base: 0x20000000, Load base: 0x08004b24, Size: 0x00001fa8, Max: 0x00005000, ABSOLUTE)

    Exec Addr    Load Addr    Size         Type   Attr      Idx    E Section Name        Object

    0x20000000   0x08004b24   0x00000014   Data   RW          142    .data               esp8266_at.o
    0x20000014   0x08004b38   0x0000000c   Data   RW          294    .data               main.o
    0x20000020   0x08004b44   0x00000004   Data   RW          349    .data               freertos.o
    0x20000024   0x08004b48   0x0000000c   Data   RW          616    .data               stm32f1xx_hal.o
    0x20000030   0x08004b54   0x00000004   Data   RW         3332    .data               system_stm32f1xx.o
    0x20000034   0x08004b58   0x0000003c   Data   RW         3988    .data               tasks.o
    0x20000070   0x08004b94   0x00000014   Data   RW         4304    .data               timers.o
    0x20000084   0x08004ba8   0x00000004   Data   RW         4503    .data               cmsis_os2.o
    0x20000088   0x08004bac   0x00000018   Data   RW         4876    .data               heap_4.o
    0x200000a0   0x08004bc4   0x0000000c   Data   RW         4927    .data               port.o
    0x200000ac   0x08004bd0   0x00000004   Data   RW         5302    .data               mc_w.l(stdout.o)
    0x200000b0        -       0x00000100   Zero   RW          140    .bss                esp8266_at.o
    0x200001b0        -       0x000000dc   Zero   RW          291    .bss                main.o
    0x2000028c        -       0x00000048   Zero   RW          519    .bss                stm32f1xx_hal_timebase_tim.o
    0x200002d4        -       0x00000040   Zero   RW         3571    .bss                queue.o
    0x20000314        -       0x000004c4   Zero   RW         3987    .bss                tasks.o
    0x200007d8        -       0x00000118   Zero   RW         4303    .bss                timers.o
    0x200008f0        -       0x000006b8   Zero   RW         4502    .bss                cmsis_os2.o
    0x20000fa8        -       0x00000c00   Zero   RW         4875    .bss                heap_4.o
    0x20001ba8        -       0x00000400   Zero   RW            1    STACK               startup_stm32f103xb.o


==============================================================================

Image component sizes


      Code (inc. data)   RO Data    RW Data    ZI Data      Debug   Object Name

       492         42          0          4       1720      18083   cmsis_os2.o
        84         16          0         20        256      10456   esp8266_at.o
         0          0          0          0          0      20188   event_groups.o
        46         10          0          4          0       3518   freertos.o
       460         24          0         24       3072       4623   heap_4.o
       138          0          0          0          0       3346   list.o
       642        118         48         12        220       3898   main.o
       662         70          0         12          0      10665   port.o
      1668         20          0          0         64      18120   queue.o
       228         26          0          0          0       2941   sensor.o
        36          8        236          0       1024        792   startup_stm32f103xb.o
       100         18          0         12          0       5158   stm32f1xx_hal.o
       158         14          0          0          0      28146   stm32f1xx_hal_cortex.o
       222          4          0          0          0       1735   stm32f1xx_hal_dma.o
       506         34          0          0          0       3457   stm32f1xx_hal_gpio.o
      2218         54          0          0          0      12186   stm32f1xx_hal_i2c.o
       384         42          0          0          0       2331   stm32f1xx_hal_msp.o
      1336        110          0          0          0       5729   stm32f1xx_hal_rcc.o
       654         26          0          0          0       6900   stm32f1xx_hal_tim.o
         4          0          0          0          0       1513   stm32f1xx_hal_tim_ex.o
       152         20          0          0         72       1439   stm32f1xx_hal_timebase_tim.o
      1464         10          0          0          0      10529   stm32f1xx_hal_uart.o
        48         18          0          0          0       3779   stm32f1xx_it.o
         0          0          0          0          0       8964   stream_buffer.o
         2          0         24          4          0       1083   system_stm32f1xx.o
      2076        168          0         60       1220      22972   tasks.o
       912         82          0         20        280      25859   timers.o
        24          4          0          0          0     434804   uart_printf.o

    ----------------------------------------------------------------------
     14748        938        340        172       7928     673214   Object Totals
         0          0         32          0          0          0   (incl. Generated)
        32          0          0          0          0          0   (incl. Padding)

    ----------------------------------------------------------------------

      Code (inc. data)   RO Data    RW Data    ZI Data      Debug   Library Member Name

         0          0          0          0          0          0   entry.o
         0          0          0          0          0          0   entry10a.o
         0          0          0          0          0          0   entry11a.o
         4          0          0          0          0          0   entry12b.o
         8          4          0          0          0          0   entry2.o
         4          0          0          0          0          0   entry5.o
         0          0          0          0          0          0   entry7b.o
         0          0          0          0          0          0   entry8b.o
         8          4          0          0          0          0   entry9a.o
        30          0          0          0          0          0   handlers.o
        36          8          0          0          0         68   init.o
         0          0          0          0          0          0   iusefp.o
        30          0          0          0          0         68   llshl.o
        36          0          0          0          0         68   llsshr.o
        32          0          0          0          0         68   llushr.o
        36          0          0          0          0         68   memcpya.o
        36          0          0          0          0        108   memseta.o
      2218         90          0          0          0        464   printfa.o
         0          0          0          4          0          0   stdout.o
        44          0          0          0          0         80   uidiv.o
        98          0          0          0          0         92   uldiv.o
        48          0          0          0          0         68   cdrcmple.o
       334          0          0          0          0        148   dadd.o
       222          0          0          0          0        100   ddiv.o
       186          0          0          0          0        176   depilogue.o
        48          0          0          0          0         68   dfixul.o
       228          0          0          0          0         96   dmul.o
        38          0          0          0          0         68   f2d.o
       176          0          0          0          0        140   fadd.o
       110          0          0          0          0        168   fepilogue.o
        10          0          0          0          0         68   ffltui.o
       100          0          0          0          0         76   fmul.o
        24          0          0          0          0         68   fscalb.o

    ----------------------------------------------------------------------
      4148        106          0          4          0       2328   Library Totals
         4          0          0          0          0          0   (incl. Padding)

    ----------------------------------------------------------------------

      Code (inc. data)   RO Data    RW Data    ZI Data      Debug   Library Name

      2620        106          0          4          0       1084   mc_w.l
      1524          0          0          0          0       1244   mf_w.l

    ----------------------------------------------------------------------
      4148        106          0          4          0       2328   Library Totals

    ----------------------------------------------------------------------

==============================================================================


      Code (inc. data)   RO Data    RW Data    ZI Data      Debug   

     18896       1044        340        176       7928     666802   Grand Totals
     18896       1044        340        176       7928     666802   ELF Image Totals
     18896       1044        340        176          0          0   ROM Totals

==============================================================================

    Total RO  Size (Code + RO Data)                19236 (  18.79kB)
    Total RW  Size (RW Data + ZI Data)              8104 (   7.91kB)
    Total ROM Size (Code + RO Data + RW Data)      19412 (  18.96kB)

==============================================================================

